Archive member included because of file (symbol)

.\ARM_GCC_493\Debug\FYP.a(cyfitter_cfg.o)
                              .\ARM_GCC_493\Debug\Cm3Start.o (cyfitter_cfg)
.\ARM_GCC_493\Debug\FYP.a(PWM_M1.o)
                              .\ARM_GCC_493\Debug\main.o (PWM_M1_Stop)
.\ARM_GCC_493\Debug\FYP.a(MClock.o)
                              .\ARM_GCC_493\Debug\main.o (MClock_Start)
.\ARM_GCC_493\Debug\FYP.a(M1_FWD.o)
                              .\ARM_GCC_493\Debug\movement.o (M1_FWD_Write)
.\ARM_GCC_493\Debug\FYP.a(UART.o)
                              .\ARM_GCC_493\Debug\main.o (UART_Start)
.\ARM_GCC_493\Debug\FYP.a(UART_INT.o)
                              .\ARM_GCC_493\Debug\FYP.a(UART.o) (UART_RXISR)
.\ARM_GCC_493\Debug\FYP.a(M1_BWD.o)
                              .\ARM_GCC_493\Debug\movement.o (M1_BWD_Write)
.\ARM_GCC_493\Debug\FYP.a(PWM_M2.o)
                              .\ARM_GCC_493\Debug\main.o (PWM_M2_Stop)
.\ARM_GCC_493\Debug\FYP.a(M2_FWD.o)
                              .\ARM_GCC_493\Debug\movement.o (M2_FWD_Write)
.\ARM_GCC_493\Debug\FYP.a(M2_BWD.o)
                              .\ARM_GCC_493\Debug\movement.o (M2_BWD_Write)
.\ARM_GCC_493\Debug\FYP.a(UART_IntClock.o)
                              .\ARM_GCC_493\Debug\FYP.a(UART.o) (UART_IntClock_Start)
.\ARM_GCC_493\Debug\FYP.a(CyLib.o)
                              .\ARM_GCC_493\Debug\Cm3Start.o (CyHalt)
.\ARM_GCC_493\Debug\FYP.a(cyPm.o)
                              .\ARM_GCC_493\Debug\FYP.a(CyLib.o) (CyPmReadStatus)
.\ARM_GCC_493\Debug\FYP.a(Standby.o)
                              .\ARM_GCC_493\Debug\movement.o (Standby_Write)
.\ARM_GCC_493\Debug\FYP.a(M1QuadDec.o)
                              .\ARM_GCC_493\Debug\movement.o (M1QuadDec_GetCounter)
.\ARM_GCC_493\Debug\FYP.a(M1QuadDec_INT.o)
                              .\ARM_GCC_493\Debug\FYP.a(M1QuadDec.o) (M1QuadDec_ISR)
.\ARM_GCC_493\Debug\FYP.a(M1Clock.o)
                              .\ARM_GCC_493\Debug\main.o (M1Clock_Start)
.\ARM_GCC_493\Debug\FYP.a(M2QuadDec.o)
                              .\ARM_GCC_493\Debug\movement.o (M2QuadDec_GetCounter)
.\ARM_GCC_493\Debug\FYP.a(M2QuadDec_INT.o)
                              .\ARM_GCC_493\Debug\FYP.a(M2QuadDec.o) (M2QuadDec_ISR)
.\ARM_GCC_493\Debug\FYP.a(M1QuadDec_Cnt16.o)
                              .\ARM_GCC_493\Debug\FYP.a(M1QuadDec.o) (M1QuadDec_Cnt16_Stop)
.\ARM_GCC_493\Debug\FYP.a(M2QuadDec_Cnt16.o)
                              .\ARM_GCC_493\Debug\FYP.a(M2QuadDec.o) (M2QuadDec_Cnt16_Stop)
.\ARM_GCC_493\Debug\FYP.a(isr_1ms.o)
                              .\ARM_GCC_493\Debug\main.o (isr_1ms_Enable)
.\ARM_GCC_493\Debug\FYP.a(Timer_1.o)
                              .\ARM_GCC_493\Debug\main.o (Timer_1_ReadStatusRegister)
.\ARM_GCC_493\Debug\FYP.a(CyBootAsmGnu.o)
                              .\ARM_GCC_493\Debug\FYP.a(cyfitter_cfg.o) (CyDelayCycles)
.\ARM_GCC_493\Debug\FYP.a(CyFlash.o)
                              .\ARM_GCC_493\Debug\FYP.a(cyPm.o) (CyFlash_SetWaitCycles)
.\ARM_GCC_493\Debug\FYP.a(CySpc.o)
                              .\ARM_GCC_493\Debug\FYP.a(CyFlash.o) (CySpcStart)
c:/program files (x86)/cypress/psoc creator/4.0/psoc creator/import/gnu/arm/4.9.3/bin/../lib/gcc/arm-none-eabi/4.9.3/armv7-m\libgcc.a(_arm_addsubdf3.o)
                              .\ARM_GCC_493\Debug\movement.o (__aeabi_dadd)
c:/program files (x86)/cypress/psoc creator/4.0/psoc creator/import/gnu/arm/4.9.3/bin/../lib/gcc/arm-none-eabi/4.9.3/armv7-m\libgcc.a(_arm_muldivdf3.o)
                              .\ARM_GCC_493\Debug\movement.o (__aeabi_dmul)
c:/program files (x86)/cypress/psoc creator/4.0/psoc creator/import/gnu/arm/4.9.3/bin/../lib/gcc/arm-none-eabi/4.9.3/armv7-m\libgcc.a(_arm_fixdfsi.o)
                              .\ARM_GCC_493\Debug\movement.o (__aeabi_d2iz)
c:/program files (x86)/cypress/psoc creator/4.0/psoc creator/import/gnu/arm/4.9.3/bin/../lib/gcc/arm-none-eabi/4.9.3/../../../../arm-none-eabi/lib/armv7-m\libg_nano.a(lib_a-atof.o)
                              .\ARM_GCC_493\Debug\serial.o (atof)
c:/program files (x86)/cypress/psoc creator/4.0/psoc creator/import/gnu/arm/4.9.3/bin/../lib/gcc/arm-none-eabi/4.9.3/../../../../arm-none-eabi/lib/armv7-m\libg_nano.a(lib_a-atoi.o)
                              .\ARM_GCC_493\Debug\serial.o (atoi)
c:/program files (x86)/cypress/psoc creator/4.0/psoc creator/import/gnu/arm/4.9.3/bin/../lib/gcc/arm-none-eabi/4.9.3/../../../../arm-none-eabi/lib/armv7-m\libg_nano.a(lib_a-errno.o)
                              .\ARM_GCC_493\Debug\Cm3Start.o (__errno)
c:/program files (x86)/cypress/psoc creator/4.0/psoc creator/import/gnu/arm/4.9.3/bin/../lib/gcc/arm-none-eabi/4.9.3/../../../../arm-none-eabi/lib/armv7-m\libg_nano.a(lib_a-exit.o)
                              c:/program files (x86)/cypress/psoc creator/4.0/psoc creator/import/gnu/arm/4.9.3/bin/../lib/gcc/arm-none-eabi/4.9.3/../../../../arm-none-eabi/lib/armv7-m/crt0.o (exit)
[...]
Memory Configuration

Name             Origin             Length             Attributes
rom              0x00000000         0x00040000         xr
ram              0x1fff8000         0x00010000         xrw
*default*        0x00000000         0xffffffff

Linker script and memory map

LOAD c:/program files (x86)/cypress/psoc creator/4.0/psoc creator/import/gnu/arm/4.9.3/bin/../lib/gcc/arm-none-eabi/4.9.3/armv7-m/crti.o
LOAD c:/program files (x86)/cypress/psoc creator/4.0/psoc creator/import/gnu/arm/4.9.3/bin/../lib/gcc/arm-none-eabi/4.9.3/armv7-m/crtbegin.o
LOAD c:/program files (x86)/cypress/psoc creator/4.0/psoc creator/import/gnu/arm/4.9.3/bin/../lib/gcc/arm-none-eabi/4.9.3/../../../../arm-none-eabi/lib/armv7-m/crt0.o
START GROUP
LOAD .\ARM_GCC_493\Debug\main.o
LOAD .\ARM_GCC_493\Debug\movement.o
LOAD .\ARM_GCC_493\Debug\serial.o
LOAD .\ARM_GCC_493\Debug\cymetadata.o
LOAD .\ARM_GCC_493\Debug\Cm3Start.o
LOAD .\ARM_GCC_493\Debug\FYP.a
LOAD C:\Program Files (x86)\Cypress\PSoC Creator\4.0\PSoC Creator\psoc\content\cycomponentlibrary\CyComponentLibrary.cylib\CortexM3\ARM_GCC_493\Debug\CyComponentLibrary.a
END GROUP
START GROUP
LOAD c:/program files (x86)/cypress/psoc creator/4.0/psoc creator/import/gnu/arm/4.9.3/bin/../lib/gcc/arm-none-eabi/4.9.3/armv7-m\libgcc.a
LOAD c:/program files (x86)/cypress/psoc creator/4.0/psoc creator/import/gnu/arm/4.9.3/bin/../lib/gcc/arm-none-eabi/4.9.3/../../../../arm-none-eabi/lib/armv7-m\libg_nano.a
LOAD c:/program files (x86)/cypress/psoc creator/4.0/psoc creator/import/gnu/arm/4.9.3/bin/../lib/gcc/arm-none-eabi/4.9.3/../../../../arm-none-eabi/lib/armv7-m\libc_nano.a
END GROUP
START GROUP
LOAD c:/program files (x86)/cypress/psoc creator/4.0/psoc creator/import/gnu/arm/4.9.3/bin/../lib/gcc/arm-none-eabi/4.9.3/armv7-m\libgcc.a
LOAD c:/program files (x86)/cypress/psoc creator/4.0/psoc creator/import/gnu/arm/4.9.3/bin/../lib/gcc/arm-none-eabi/4.9.3/../../../../arm-none-eabi/lib/armv7-m\libc_nano.a
END GROUP
LOAD c:/program files (x86)/cypress/psoc creator/4.0/psoc creator/import/gnu/arm/4.9.3/bin/../lib/gcc/arm-none-eabi/4.9.3/armv7-m/crtend.o
LOAD c:/program files (x86)/cypress/psoc creator/4.0/psoc creator/import/gnu/arm/4.9.3/bin/../lib/gcc/arm-none-eabi/4.9.3/armv7-m/crtn.o
START GROUP
LOAD c:/program files (x86)/cypress/psoc creator/4.0/psoc creator/import/gnu/arm/4.9.3/bin/../lib/gcc/arm-none-eabi/4.9.3/armv7-m\libgcc.a
LOAD c:/program files (x86)/cypress/psoc creator/4.0/psoc creator/import/gnu/arm/4.9.3/bin/../lib/gcc/arm-none-eabi/4.9.3/../../../../arm-none-eabi/lib/armv7-m\libc.a
LOAD c:/program files (x86)/cypress/psoc creator/4.0/psoc creator/import/gnu/arm/4.9.3/bin/../lib/gcc/arm-none-eabi/4.9.3/../../../../arm-none-eabi/lib/armv7-m\libnosys.a
END GROUP
                0x00000000                CY_APPL_ORIGIN = 0x0
                0x00000100                CY_FLASH_ROW_SIZE = 0x100
                0x00000020                CY_ECC_ROW_SIZE = 0x20
                0x00000000                CY_EE_IN_BTLDR = 0x0
                0x00000000                CY_APPL_LOADABLE = 0x0
                0x00000800                CY_EE_SIZE = 0x800
                0x00000001                CY_APPL_NUM = 0x1
                0x00000001                CY_APPL_MAX = 0x1
                0x00000040                CY_METADATA_SIZE = 0x40
                0x00000000                CY_APPL_LOADABLE = 0x0
                0x00000000                CY_CHECKSUM_EXCLUDE_SIZE = ALIGN (0x0, CY_FLASH_ROW_SIZE)
                0x1fff8aa0                PROVIDE (__cy_heap_start, _end)
                0x00000001                PROVIDE (__cy_region_num, ((__cy_regions_end - __cy_regions) / 0x10))
                0x20008000                PROVIDE (__cy_stack, (ORIGIN (ram) + 0x10000))
                0x20007800                PROVIDE (__cy_heap_end, (__cy_stack - 0x800))

.cybootloader   0x00000000        0x0
 *(.cybootloader)
                0x00000000                appl1_start = CY_APPL_ORIGIN?CY_APPL_ORIGIN:ALIGN (CY_FLASH_ROW_SIZE)
                0x0001ff00                appl2_start = (appl1_start + ALIGN ((((0x40000 - appl1_start) - (0x2 * CY_FLASH_ROW_SIZE)) / 0x2), CY_FLASH_ROW_SIZE))
                0x00000000                appl_start = (CY_APPL_NUM == 0x1)?appl1_start:appl2_start
                0x00000000                ecc_offset = ((appl_start / CY_FLASH_ROW_SIZE) * CY_ECC_ROW_SIZE)
                0x00000000                ee_offset = (CY_APPL_LOADABLE && ! (CY_EE_IN_BTLDR))?((CY_EE_SIZE / CY_APPL_MAX) * (CY_APPL_NUM - 0x1)):0x0
                0x00000800                ee_size = (CY_APPL_LOADABLE && ! (CY_EE_IN_BTLDR))?(CY_EE_SIZE / CY_APPL_MAX):CY_EE_SIZE
                0x00000000                PROVIDE (CY_ECC_OFFSET, ecc_offset)

.text           0x00000000     0x26fc
 CREATE_OBJECT_SYMBOLS
                0x00000000                PROVIDE (__cy_interrupt_vector, RomVectors)
 *(.romvectors)
 .romvectors    0x00000000       0x10 .\ARM_GCC_493\Debug\Cm3Start.o
                0x00000000                RomVectors
                0x00000001                ASSERT ((. != __cy_interrupt_vector), No interrupt vector)
                0x00000001                ASSERT (CY_APPL_ORIGIN?(SIZEOF (.cybootloader) <= CY_APPL_ORIGIN):0x1, Wrong image location)
                0x00000010                PROVIDE (__cy_reset, Reset)
 *(.text.Reset)
 .text.Reset    0x00000010       0x18 .\ARM_GCC_493\Debug\Cm3Start.o
                0x00000010                Reset
                0x00000001                ASSERT ((. != __cy_reset), No reset code)
 *(.dma_init)
                0x00000001                ASSERT ((((appl_start + .) <= 0x10000) || 0x1), DMA Init must be within the first 64k of flash)
 *(.text .text.* .gnu.linkonce.t.*)
 .text          0x00000028       0x5c c:/program files (x86)/cypress/psoc creator/4.0/psoc creator/import/gnu/arm/4.9.3/bin/../lib/gcc/arm-none-eabi/4.9.3/armv7-m/crtbegin.o
 .text.Timer_1_Handler
                0x00000084       0x10 .\ARM_GCC_493\Debug\main.o
                0x00000084                Timer_1_Handler
 .text.Setup    0x00000094       0x54 .\ARM_GCC_493\Debug\main.o
                0x00000094                Setup
 .text.main     0x000000e8       0x98 .\ARM_GCC_493\Debug\main.o
                0x000000e8                main
 .text.turn_wheel
                0x00000180       0x98 .\ARM_GCC_493\Debug\movement.o
                0x00000180                turn_wheel
 .text.update_angle
                0x00000218       0x1c .\ARM_GCC_493\Debug\movement.o
                0x00000218                update_angle
 .text.new_path
                0x00000234       0x14 .\ARM_GCC_493\Debug\movement.o
                0x00000234                new_path
 .text.Get_Destination
                0x00000248       0x44 .\ARM_GCC_493\Debug\movement.o
                0x00000248                Get_Destination
 .text.Get_Position
                0x0000028c       0x24 .\ARM_GCC_493\Debug\movement.o
                0x0000028c                Get_Position
 .text.Get_Error
                0x000002b0       0x64 .\ARM_GCC_493\Debug\movement.o
                0x000002b0                Get_Error
 .text.Get_PID  0x00000314      0x14c .\ARM_GCC_493\Debug\movement.o
                0x00000314                Get_PID
 .text.Adj_Volt
                0x00000460       0x20 .\ARM_GCC_493\Debug\movement.o
                0x00000460                Adj_Volt
 .text.Check_Speed
                0x00000480       0x24 .\ARM_GCC_493\Debug\movement.o
                0x00000480                Check_Speed
 .text.Print_Values
                0x000004a4       0x7c .\ARM_GCC_493\Debug\movement.o
                0x000004a4                Print_Values
 .text.get_serial_speed
                0x00000520       0xb8 .\ARM_GCC_493\Debug\serial.o
                0x00000520                get_serial_speed
 .text.get_serial_update
                0x000005d8       0x80 .\ARM_GCC_493\Debug\serial.o
                0x000005d8                get_serial_update
 .text.get_serial_update2
                0x00000658       0x80 .\ARM_GCC_493\Debug\serial.o
                0x00000658                get_serial_update2
 .text.IntDefaultHandler
                0x000006d8       0x10 .\ARM_GCC_493\Debug\Cm3Start.o
                0x000006d8                IntDefaultHandler
 .text._sbrk    0x000006e8       0x30 .\ARM_GCC_493\Debug\Cm3Start.o
                0x000006e8                _sbrk
 .text.Start_c  0x00000718       0x4c .\ARM_GCC_493\Debug\Cm3Start.o
                0x00000718                Start_c
 .text.initialize_psoc
                0x00000764       0x74 .\ARM_GCC_493\Debug\Cm3Start.o
                0x00000764                initialize_psoc
 .text.CyClockStartupError
                0x000007d8        0x4 .\ARM_GCC_493\Debug\FYP.a(cyfitter_cfg.o)
 .text.cfg_write_bytes32
                0x000007dc       0x34 .\ARM_GCC_493\Debug\FYP.a(cyfitter_cfg.o)
 .text.AnalogSetDefault
                0x00000810       0x28 .\ARM_GCC_493\Debug\FYP.a(cyfitter_cfg.o)
 .text.CYMEMZERO
                0x00000838        0xc .\ARM_GCC_493\Debug\FYP.a(cyfitter_cfg.o)
 .text.ClockSetup
                0x00000844       0xd4 .\ARM_GCC_493\Debug\FYP.a(cyfitter_cfg.o)
 .text.CYCONFIGCPY
                0x00000918        0x8 .\ARM_GCC_493\Debug\FYP.a(cyfitter_cfg.o)
 .text.cyfitter_cfg
                0x00000920      0x10c .\ARM_GCC_493\Debug\FYP.a(cyfitter_cfg.o)
                0x00000920                cyfitter_cfg
 .text.PWM_M1_Enable
                0x00000a2c       0x10 .\ARM_GCC_493\Debug\FYP.a(PWM_M1.o)
                0x00000a2c                PWM_M1_Enable
 .text.PWM_M1_WriteCounter
                0x00000a3c        0xc .\ARM_GCC_493\Debug\FYP.a(PWM_M1.o)
                0x00000a3c                PWM_M1_WriteCounter
 .text.PWM_M1_WritePeriod
                0x00000a48        0xc .\ARM_GCC_493\Debug\FYP.a(PWM_M1.o)
                0x00000a48                PWM_M1_WritePeriod
 .text.PWM_M1_WriteCompare
                0x00000a54        0xc .\ARM_GCC_493\Debug\FYP.a(PWM_M1.o)
                0x00000a54                PWM_M1_WriteCompare
 .text.PWM_M1_SetInterruptMode
                0x00000a60        0xc .\ARM_GCC_493\Debug\FYP.a(PWM_M1.o)
                0x00000a60                PWM_M1_SetInterruptMode
 .text.PWM_M1_ReadStatusRegister
                0x00000a6c        0xc .\ARM_GCC_493\Debug\FYP.a(PWM_M1.o)
                0x00000a6c                PWM_M1_ReadStatusRegister
 .text.PWM_M1_ReadCapture
                0x00000a78        0xc .\ARM_GCC_493\Debug\FYP.a(PWM_M1.o)
                0x00000a78                PWM_M1_ReadCapture
 .text.PWM_M1_ClearFIFO
                0x00000a84       0x14 .\ARM_GCC_493\Debug\FYP.a(PWM_M1.o)
                0x00000a84                PWM_M1_ClearFIFO
 .text.PWM_M1_Init
                0x00000a98       0x60 .\ARM_GCC_493\Debug\FYP.a(PWM_M1.o)
                0x00000a98                PWM_M1_Init
 .text.PWM_M1_Start
                0x00000af8       0x1c .\ARM_GCC_493\Debug\FYP.a(PWM_M1.o)
                0x00000af8                PWM_M1_Start
 .text.MClock_Start
                0x00000b14       0x1c .\ARM_GCC_493\Debug\FYP.a(MClock.o)
                0x00000b14                MClock_Start
 .text.M1_FWD_Write
                0x00000b30       0x18 .\ARM_GCC_493\Debug\FYP.a(M1_FWD.o)
                0x00000b30                M1_FWD_Write
 .text.UART_Init
                0x00000b48       0x44 .\ARM_GCC_493\Debug\FYP.a(UART.o)
                0x00000b48                UART_Init
 .text.UART_Enable
                0x00000b8c       0x44 .\ARM_GCC_493\Debug\FYP.a(UART.o)
                0x00000b8c                UART_Enable
 .text.UART_Start
                0x00000bd0       0x1c .\ARM_GCC_493\Debug\FYP.a(UART.o)
                0x00000bd0                UART_Start
 .text.UART_ReadRxStatus
                0x00000bec       0x28 .\ARM_GCC_493\Debug\FYP.a(UART.o)
                0x00000bec                UART_ReadRxStatus
 .text.UART_GetRxBufferSize
                0x00000c14       0x68 .\ARM_GCC_493\Debug\FYP.a(UART.o)
                0x00000c14                UART_GetRxBufferSize
 .text.UART_ClearRxBuffer
                0x00000c7c       0x44 .\ARM_GCC_493\Debug\FYP.a(UART.o)
                0x00000c7c                UART_ClearRxBuffer
 .text.UART_PutChar
                0x00000cc0       0x18 .\ARM_GCC_493\Debug\FYP.a(UART.o)
                0x00000cc0                UART_PutChar
 .text.UART_PutString
                0x00000cd8       0x24 .\ARM_GCC_493\Debug\FYP.a(UART.o)
                0x00000cd8                UART_PutString
 .text.UART_RXISR
                0x00000cfc       0x9c .\ARM_GCC_493\Debug\FYP.a(UART_INT.o)
                0x00000cfc                UART_RXISR
 .text.M1_BWD_Write
                0x00000d98       0x18 .\ARM_GCC_493\Debug\FYP.a(M1_BWD.o)
                0x00000d98                M1_BWD_Write
 .text.PWM_M2_Enable
                0x00000db0       0x10 .\ARM_GCC_493\Debug\FYP.a(PWM_M2.o)
                0x00000db0                PWM_M2_Enable
 .text.PWM_M2_WriteCounter
                0x00000dc0        0xc .\ARM_GCC_493\Debug\FYP.a(PWM_M2.o)
                0x00000dc0                PWM_M2_WriteCounter
 .text.PWM_M2_WritePeriod
                0x00000dcc        0xc .\ARM_GCC_493\Debug\FYP.a(PWM_M2.o)
                0x00000dcc                PWM_M2_WritePeriod
 .text.PWM_M2_WriteCompare
                0x00000dd8        0xc .\ARM_GCC_493\Debug\FYP.a(PWM_M2.o)
                0x00000dd8                PWM_M2_WriteCompare
 .text.PWM_M2_SetInterruptMode
                0x00000de4        0xc .\ARM_GCC_493\Debug\FYP.a(PWM_M2.o)
                0x00000de4                PWM_M2_SetInterruptMode
 .text.PWM_M2_ReadStatusRegister
                0x00000df0        0xc .\ARM_GCC_493\Debug\FYP.a(PWM_M2.o)
                0x00000df0                PWM_M2_ReadStatusRegister
 .text.PWM_M2_ReadCapture
                0x00000dfc        0xc .\ARM_GCC_493\Debug\FYP.a(PWM_M2.o)
                0x00000dfc                PWM_M2_ReadCapture
 .text.PWM_M2_ClearFIFO
                0x00000e08       0x14 .\ARM_GCC_493\Debug\FYP.a(PWM_M2.o)
                0x00000e08                PWM_M2_ClearFIFO
 .text.PWM_M2_Init
                0x00000e1c       0x60 .\ARM_GCC_493\Debug\FYP.a(PWM_M2.o)
                0x00000e1c                PWM_M2_Init
 .text.PWM_M2_Start
                0x00000e7c       0x1c .\ARM_GCC_493\Debug\FYP.a(PWM_M2.o)
                0x00000e7c                PWM_M2_Start
 .text.M2_FWD_Write
                0x00000e98       0x18 .\ARM_GCC_493\Debug\FYP.a(M2_FWD.o)
                0x00000e98                M2_FWD_Write
 .text.M2_BWD_Write
                0x00000eb0       0x18 .\ARM_GCC_493\Debug\FYP.a(M2_BWD.o)
                0x00000eb0                M2_BWD_Write
 .text.UART_IntClock_Start
                0x00000ec8       0x1c .\ARM_GCC_493\Debug\FYP.a(UART_IntClock.o)
                0x00000ec8                UART_IntClock_Start
 .text.CyHalt   0x00000ee4        0x4 .\ARM_GCC_493\Debug\FYP.a(CyLib.o)
                0x00000ee4                CyHalt
 .text.CySoftwareReset
                0x00000ee8       0x10 .\ARM_GCC_493\Debug\FYP.a(CyLib.o)
                0x00000ee8                CySoftwareReset
 .text.CyDelay  0x00000ef8       0x2c .\ARM_GCC_493\Debug\FYP.a(CyLib.o)
                0x00000ef8                CyDelay
 .text.CyIntSetVector
                0x00000f24       0x28 .\ARM_GCC_493\Debug\FYP.a(CyLib.o)
                0x00000f24                CyIntSetVector
 .text.CyIntSetPriority
                0x00000f4c       0x30 .\ARM_GCC_493\Debug\FYP.a(CyLib.o)
                0x00000f4c                CyIntSetPriority
 .text.Standby_Write
                0x00000f7c       0x18 .\ARM_GCC_493\Debug\FYP.a(Standby.o)
                0x00000f7c                Standby_Write
 .text.M1QuadDec_Init
                0x00000f94       0x24 .\ARM_GCC_493\Debug\FYP.a(M1QuadDec.o)
                0x00000f94                M1QuadDec_Init
 .text.M1QuadDec_GetCounter
                0x00000fb8       0x2c .\ARM_GCC_493\Debug\FYP.a(M1QuadDec.o)
                0x00000fb8                M1QuadDec_GetCounter
 .text.M1QuadDec_SetCounter
                0x00000fe4       0x28 .\ARM_GCC_493\Debug\FYP.a(M1QuadDec.o)
                0x00000fe4                M1QuadDec_SetCounter
 .text.M1QuadDec_GetEvents
                0x0000100c       0x10 .\ARM_GCC_493\Debug\FYP.a(M1QuadDec.o)
                0x0000100c                M1QuadDec_GetEvents
 .text.M1QuadDec_SetInterruptMask
                0x0000101c       0x10 .\ARM_GCC_493\Debug\FYP.a(M1QuadDec.o)
                0x0000101c                M1QuadDec_SetInterruptMask
 .text.M1QuadDec_Enable
                0x0000102c       0x30 .\ARM_GCC_493\Debug\FYP.a(M1QuadDec.o)
                0x0000102c                M1QuadDec_Enable
 .text.M1QuadDec_Start
                0x0000105c       0x34 .\ARM_GCC_493\Debug\FYP.a(M1QuadDec.o)
                0x0000105c                M1QuadDec_Start
 .text.M1QuadDec_ISR
                0x00001090       0x40 .\ARM_GCC_493\Debug\FYP.a(M1QuadDec_INT.o)
                0x00001090                M1QuadDec_ISR
 .text.M1Clock_Start
                0x000010d0       0x1c .\ARM_GCC_493\Debug\FYP.a(M1Clock.o)
                0x000010d0                M1Clock_Start
 .text.M2QuadDec_Init
                0x000010ec       0x24 .\ARM_GCC_493\Debug\FYP.a(M2QuadDec.o)
                0x000010ec                M2QuadDec_Init
 .text.M2QuadDec_GetCounter
                0x00001110       0x2c .\ARM_GCC_493\Debug\FYP.a(M2QuadDec.o)
                0x00001110                M2QuadDec_GetCounter
 .text.M2QuadDec_SetCounter
                0x0000113c       0x28 .\ARM_GCC_493\Debug\FYP.a(M2QuadDec.o)
                0x0000113c                M2QuadDec_SetCounter
 .text.M2QuadDec_GetEvents
                0x00001164       0x10 .\ARM_GCC_493\Debug\FYP.a(M2QuadDec.o)
                0x00001164                M2QuadDec_GetEvents
 .text.M2QuadDec_SetInterruptMask
                0x00001174       0x10 .\ARM_GCC_493\Debug\FYP.a(M2QuadDec.o)
                0x00001174                M2QuadDec_SetInterruptMask
 .text.M2QuadDec_Enable
                0x00001184       0x30 .\ARM_GCC_493\Debug\FYP.a(M2QuadDec.o)
                0x00001184                M2QuadDec_Enable
 .text.M2QuadDec_Start
                0x000011b4       0x34 .\ARM_GCC_493\Debug\FYP.a(M2QuadDec.o)
                0x000011b4                M2QuadDec_Start
 .text.M2QuadDec_ISR
                0x000011e8       0x40 .\ARM_GCC_493\Debug\FYP.a(M2QuadDec_INT.o)
                0x000011e8                M2QuadDec_ISR
 .text.M1QuadDec_Cnt16_Enable
                0x00001228       0x10 .\ARM_GCC_493\Debug\FYP.a(M1QuadDec_Cnt16.o)
                0x00001228                M1QuadDec_Cnt16_Enable
 .text.M1QuadDec_Cnt16_SetInterruptMode
                0x00001238        0xc .\ARM_GCC_493\Debug\FYP.a(M1QuadDec_Cnt16.o)
                0x00001238                M1QuadDec_Cnt16_SetInterruptMode
 .text.M1QuadDec_Cnt16_ReadStatusRegister
                0x00001244        0xc .\ARM_GCC_493\Debug\FYP.a(M1QuadDec_Cnt16.o)
                0x00001244                M1QuadDec_Cnt16_ReadStatusRegister
 .text.M1QuadDec_Cnt16_WriteCounter
                0x00001250        0xc .\ARM_GCC_493\Debug\FYP.a(M1QuadDec_Cnt16.o)
                0x00001250                M1QuadDec_Cnt16_WriteCounter
 .text.M1QuadDec_Cnt16_ReadCounter
                0x0000125c       0x14 .\ARM_GCC_493\Debug\FYP.a(M1QuadDec_Cnt16.o)
                0x0000125c                M1QuadDec_Cnt16_ReadCounter
 .text.M1QuadDec_Cnt16_ReadCapture
                0x00001270        0xc .\ARM_GCC_493\Debug\FYP.a(M1QuadDec_Cnt16.o)
                0x00001270                M1QuadDec_Cnt16_ReadCapture
 .text.M1QuadDec_Cnt16_WritePeriod
                0x0000127c        0xc .\ARM_GCC_493\Debug\FYP.a(M1QuadDec_Cnt16.o)
                0x0000127c                M1QuadDec_Cnt16_WritePeriod
 .text.M1QuadDec_Cnt16_WriteCompare
                0x00001288        0xc .\ARM_GCC_493\Debug\FYP.a(M1QuadDec_Cnt16.o)
                0x00001288                M1QuadDec_Cnt16_WriteCompare
 .text.M1QuadDec_Cnt16_ClearFIFO
                0x00001294       0x14 .\ARM_GCC_493\Debug\FYP.a(M1QuadDec_Cnt16.o)
                0x00001294                M1QuadDec_Cnt16_ClearFIFO
 .text.M1QuadDec_Cnt16_Init
                0x000012a8       0x58 .\ARM_GCC_493\Debug\FYP.a(M1QuadDec_Cnt16.o)
                0x000012a8                M1QuadDec_Cnt16_Init
 .text.M1QuadDec_Cnt16_Start
                0x00001300       0x1c .\ARM_GCC_493\Debug\FYP.a(M1QuadDec_Cnt16.o)
                0x00001300                M1QuadDec_Cnt16_Start
 .text.M2QuadDec_Cnt16_Enable
                0x0000131c       0x10 .\ARM_GCC_493\Debug\FYP.a(M2QuadDec_Cnt16.o)
                0x0000131c                M2QuadDec_Cnt16_Enable
 .text.M2QuadDec_Cnt16_SetInterruptMode
                0x0000132c        0xc .\ARM_GCC_493\Debug\FYP.a(M2QuadDec_Cnt16.o)
                0x0000132c                M2QuadDec_Cnt16_SetInterruptMode
 .text.M2QuadDec_Cnt16_ReadStatusRegister
                0x00001338        0xc .\ARM_GCC_493\Debug\FYP.a(M2QuadDec_Cnt16.o)
                0x00001338                M2QuadDec_Cnt16_ReadStatusRegister
 .text.M2QuadDec_Cnt16_WriteCounter
                0x00001344        0xc .\ARM_GCC_493\Debug\FYP.a(M2QuadDec_Cnt16.o)
                0x00001344                M2QuadDec_Cnt16_WriteCounter
 .text.M2QuadDec_Cnt16_ReadCounter
                0x00001350       0x14 .\ARM_GCC_493\Debug\FYP.a(M2QuadDec_Cnt16.o)
                0x00001350                M2QuadDec_Cnt16_ReadCounter
 .text.M2QuadDec_Cnt16_ReadCapture
                0x00001364        0xc .\ARM_GCC_493\Debug\FYP.a(M2QuadDec_Cnt16.o)
                0x00001364                M2QuadDec_Cnt16_ReadCapture
 .text.M2QuadDec_Cnt16_WritePeriod
                0x00001370        0xc .\ARM_GCC_493\Debug\FYP.a(M2QuadDec_Cnt16.o)
                0x00001370                M2QuadDec_Cnt16_WritePeriod
 .text.M2QuadDec_Cnt16_WriteCompare
                0x0000137c        0xc .\ARM_GCC_493\Debug\FYP.a(M2QuadDec_Cnt16.o)
                0x0000137c                M2QuadDec_Cnt16_WriteCompare
 .text.M2QuadDec_Cnt16_ClearFIFO
                0x00001388       0x14 .\ARM_GCC_493\Debug\FYP.a(M2QuadDec_Cnt16.o)
                0x00001388                M2QuadDec_Cnt16_ClearFIFO
 .text.M2QuadDec_Cnt16_Init
                0x0000139c       0x58 .\ARM_GCC_493\Debug\FYP.a(M2QuadDec_Cnt16.o)
                0x0000139c                M2QuadDec_Cnt16_Init
 .text.M2QuadDec_Cnt16_Start
                0x000013f4       0x1c .\ARM_GCC_493\Debug\FYP.a(M2QuadDec_Cnt16.o)
                0x000013f4                M2QuadDec_Cnt16_Start
 .text.isr_1ms_SetVector
                0x00001410        0xc .\ARM_GCC_493\Debug\FYP.a(isr_1ms.o)
                0x00001410                isr_1ms_SetVector
 .text.isr_1ms_SetPriority
                0x0000141c       0x10 .\ARM_GCC_493\Debug\FYP.a(isr_1ms.o)
                0x0000141c                isr_1ms_SetPriority
 .text.isr_1ms_Enable
                0x0000142c        0xc .\ARM_GCC_493\Debug\FYP.a(isr_1ms.o)
                0x0000142c                isr_1ms_Enable
 .text.isr_1ms_Disable
                0x00001438        0xc .\ARM_GCC_493\Debug\FYP.a(isr_1ms.o)
                0x00001438                isr_1ms_Disable
 .text.isr_1ms_StartEx
                0x00001444       0x1c .\ARM_GCC_493\Debug\FYP.a(isr_1ms.o)
                0x00001444                isr_1ms_StartEx
 .text.Timer_1_Enable
                0x00001460       0x10 .\ARM_GCC_493\Debug\FYP.a(Timer_1.o)
                0x00001460                Timer_1_Enable
 .text.Timer_1_SetInterruptMode
                0x00001470        0xc .\ARM_GCC_493\Debug\FYP.a(Timer_1.o)
                0x00001470                Timer_1_SetInterruptMode
 .text.Timer_1_ReadStatusRegister
                0x0000147c        0xc .\ARM_GCC_493\Debug\FYP.a(Timer_1.o)
                0x0000147c                Timer_1_ReadStatusRegister
 .text.Timer_1_WritePeriod
                0x00001488        0xc .\ARM_GCC_493\Debug\FYP.a(Timer_1.o)
                0x00001488                Timer_1_WritePeriod
 .text.Timer_1_ReadCapture
                0x00001494        0xc .\ARM_GCC_493\Debug\FYP.a(Timer_1.o)
                0x00001494                Timer_1_ReadCapture
 .text.Timer_1_WriteCounter
                0x000014a0        0xc .\ARM_GCC_493\Debug\FYP.a(Timer_1.o)
                0x000014a0                Timer_1_WriteCounter
 .text.Timer_1_ClearFIFO
                0x000014ac       0x14 .\ARM_GCC_493\Debug\FYP.a(Timer_1.o)
                0x000014ac                Timer_1_ClearFIFO
 .text.Timer_1_Init
                0x000014c0       0x34 .\ARM_GCC_493\Debug\FYP.a(Timer_1.o)
                0x000014c0                Timer_1_Init
 .text.Timer_1_Start
                0x000014f4       0x1c .\ARM_GCC_493\Debug\FYP.a(Timer_1.o)
                0x000014f4                Timer_1_Start
 .text          0x00001510       0x20 .\ARM_GCC_493\Debug\FYP.a(CyBootAsmGnu.o)
                0x00001510                CyDelayCycles
                0x00001520                CyEnterCriticalSection
                0x00001528                CyExitCriticalSection
 .text          0x00001530      0x370 c:/program files (x86)/cypress/psoc creator/4.0/psoc creator/import/gnu/arm/4.9.3/bin/../lib/gcc/arm-none-eabi/4.9.3/armv7-m\libgcc.a(_arm_addsubdf3.o)
                0x00001530                __aeabi_drsub
                0x00001538                __aeabi_dsub
                0x00001538                __subdf3
                0x0000153c                __aeabi_dadd
                0x0000153c                __adddf3
                0x000017b4                __floatunsidf
                0x000017b4                __aeabi_ui2d
                0x000017d4                __floatsidf
                0x000017d4                __aeabi_i2d
                0x000017f8                __aeabi_f2d
                0x000017f8                __extendsfdf2
                0x00001834                __floatundidf
                0x00001834                __aeabi_ul2d
                0x00001844                __floatdidf
                0x00001844                __aeabi_l2d
 .text          0x000018a0      0x424 c:/program files (x86)/cypress/psoc creator/4.0/psoc creator/import/gnu/arm/4.9.3/bin/../lib/gcc/arm-none-eabi/4.9.3/armv7-m\libgcc.a(_arm_muldivdf3.o)
                0x000018a0                __aeabi_dmul
                0x000018a0                __muldf3
                0x00001af4                __divdf3
                0x00001af4                __aeabi_ddiv
 .text          0x00001cc4       0x50 c:/program files (x86)/cypress/psoc creator/4.0/psoc creator/import/gnu/arm/4.9.3/bin/../lib/gcc/arm-none-eabi/4.9.3/armv7-m\libgcc.a(_arm_fixdfsi.o)
                0x00001cc4                __aeabi_d2iz
                0x00001cc4                __fixdfsi
 .text.atoi     0x00001d14        0x8 c:/program files (x86)/cypress/psoc creator/4.0/psoc creator/import/gnu/arm/4.9.3/bin/../lib/gcc/arm-none-eabi/4.9.3/../../../../arm-none-eabi/lib/armv7-m\libg_nano.a(lib_a-atoi.o)
                0x00001d14                atoi
 .text.__errno  0x00001d1c        0xc c:/program files (x86)/cypress/psoc creator/4.0/psoc creator/import/gnu/arm/4.9.3/bin/../lib/gcc/arm-none-eabi/4.9.3/../../../../arm-none-eabi/lib/armv7-m\libg_nano.a(lib_a-errno.o)
                0x00001d1c                __errno
 .text.__libc_init_array
                0x00001d28       0x4c c:/program files (x86)/cypress/psoc creator/4.0/psoc creator/import/gnu/arm/4.9.3/bin/../lib/gcc/arm-none-eabi/4.9.3/../../../../arm-none-eabi/lib/armv7-m\libg_nano.a(lib_a-init.o)
                0x00001d28                __libc_init_array
 .text.memcpy   0x00001d74       0x16 c:/program files (x86)/cypress/psoc creator/4.0/psoc creator/import/gnu/arm/4.9.3/bin/../lib/gcc/arm-none-eabi/4.9.3/../../../../arm-none-eabi/lib/armv7-m\libg_nano.a(lib_a-memcpy.o)
                0x00001d74                memcpy
 .text.memset   0x00001d8a       0x10 c:/program files (x86)/cypress/psoc creator/4.0/psoc creator/import/gnu/arm/4.9.3/bin/../lib/gcc/arm-none-eabi/4.9.3/../../../../arm-none-eabi/lib/armv7-m\libg_nano.a(lib_a-memset.o)
                0x00001d8a                memset
 *fill*         0x00001d9a        0x2 
 .text.sprintf  0x00001d9c       0x48 c:/program files (x86)/cypress/psoc creator/4.0/psoc creator/import/gnu/arm/4.9.3/bin/../lib/gcc/arm-none-eabi/4.9.3/../../../../arm-none-eabi/lib/armv7-m\libg_nano.a(lib_a-sprintf.o)
                0x00001d9c                siprintf
                0x00001d9c                sprintf
 .text.strncpy  0x00001de4       0x24 c:/program files (x86)/cypress/psoc creator/4.0/psoc creator/import/gnu/arm/4.9.3/bin/../lib/gcc/arm-none-eabi/4.9.3/../../../../arm-none-eabi/lib/armv7-m\libg_nano.a(lib_a-strncpy.o)
                0x00001de4                strncpy
 .text._strtol_r
                0x00001e08      0x10c c:/program files (x86)/cypress/psoc creator/4.0/psoc creator/import/gnu/arm/4.9.3/bin/../lib/gcc/arm-none-eabi/4.9.3/../../../../arm-none-eabi/lib/armv7-m\libg_nano.a(lib_a-strtol.o)
                0x00001e08                _strtol_r
 .text.strtol   0x00001f14       0x1c c:/program files (x86)/cypress/psoc creator/4.0/psoc creator/import/gnu/arm/4.9.3/bin/../lib/gcc/arm-none-eabi/4.9.3/../../../../arm-none-eabi/lib/armv7-m\libg_nano.a(lib_a-strtol.o)
                0x00001f14                strtol
 .text._malloc_r
                0x00001f30       0xac c:/program files (x86)/cypress/psoc creator/4.0/psoc creator/import/gnu/arm/4.9.3/bin/../lib/gcc/arm-none-eabi/4.9.3/../../../../arm-none-eabi/lib/armv7-m\libg_nano.a(lib_a-nano-mallocr.o)
                0x00001f30                _malloc_r
 .text.__ssputs_r
                0x00001fdc       0xb2 c:/program files (x86)/cypress/psoc creator/4.0/psoc creator/import/gnu/arm/4.9.3/bin/../lib/gcc/arm-none-eabi/4.9.3/../../../../arm-none-eabi/lib/armv7-m\libg_nano.a(lib_a-nano-svfprintf.o)
                0x00001fdc                __ssputs_r
 *fill*         0x0000208e        0x2 
 .text._svfprintf_r
                0x00002090      0x1e4 c:/program files (x86)/cypress/psoc creator/4.0/psoc creator/import/gnu/arm/4.9.3/bin/../lib/gcc/arm-none-eabi/4.9.3/../../../../arm-none-eabi/lib/armv7-m\libg_nano.a(lib_a-nano-svfprintf.o)
                0x00002090                _svfiprintf_r
                0x00002090                _svfprintf_r
 .text._printf_common
                0x00002274       0xea c:/program files (x86)/cypress/psoc creator/4.0/psoc creator/import/gnu/arm/4.9.3/bin/../lib/gcc/arm-none-eabi/4.9.3/../../../../arm-none-eabi/lib/armv7-m\libg_nano.a(lib_a-nano-vfprintf_i.o)
                0x00002274                _printf_common
 *fill*         0x0000235e        0x2 
 .text._printf_i
                0x00002360      0x240 c:/program files (x86)/cypress/psoc creator/4.0/psoc creator/import/gnu/arm/4.9.3/bin/../lib/gcc/arm-none-eabi/4.9.3/../../../../arm-none-eabi/lib/armv7-m\libg_nano.a(lib_a-nano-vfprintf_i.o)
                0x00002360                _printf_i
 .text._sbrk_r  0x000025a0       0x20 c:/program files (x86)/cypress/psoc creator/4.0/psoc creator/import/gnu/arm/4.9.3/bin/../lib/gcc/arm-none-eabi/4.9.3/../../../../arm-none-eabi/lib/armv7-m\libg_nano.a(lib_a-sbrkr.o)
                0x000025a0                _sbrk_r
 .text.memchr   0x000025c0       0x1c c:/program files (x86)/cypress/psoc creator/4.0/psoc creator/import/gnu/arm/4.9.3/bin/../lib/gcc/arm-none-eabi/4.9.3/../../../../arm-none-eabi/lib/armv7-m\libg_nano.a(lib_a-memchr.o)
                0x000025c0                memchr
 .text.memmove  0x000025dc       0x36 c:/program files (x86)/cypress/psoc creator/4.0/psoc creator/import/gnu/arm/4.9.3/bin/../lib/gcc/arm-none-eabi/4.9.3/../../../../arm-none-eabi/lib/armv7-m\libg_nano.a(lib_a-memmove.o)
                0x000025dc                memmove
 *fill*         0x00002612        0x2 
 .text._free_r  0x00002614       0x88 c:/program files (x86)/cypress/psoc creator/4.0/psoc creator/import/gnu/arm/4.9.3/bin/../lib/gcc/arm-none-eabi/4.9.3/../../../../arm-none-eabi/lib/armv7-m\libg_nano.a(lib_a-nano-freer.o)
                0x00002614                _free_r
 .text._realloc_r
                0x0000269c       0x4c c:/program files (x86)/cypress/psoc creator/4.0/psoc creator/import/gnu/arm/4.9.3/bin/../lib/gcc/arm-none-eabi/4.9.3/../../../../arm-none-eabi/lib/armv7-m\libg_nano.a(lib_a-nano-reallocr.o)
                0x0000269c                _realloc_r
 .text._malloc_usable_size_r
                0x000026e8       0x14 c:/program files (x86)/cypress/psoc creator/4.0/psoc creator/import/gnu/arm/4.9.3/bin/../lib/gcc/arm-none-eabi/4.9.3/../../../../arm-none-eabi/lib/armv7-m\libg_nano.a(lib_a-nano-msizer.o)
                0x000026e8                _malloc_usable_size_r
 *(.plt)
 *(.gnu.warning)
 *(.glue_7t)
 .glue_7t       0x00000000        0x0 linker stubs
 *(.glue_7)
 .glue_7        0x00000000        0x0 linker stubs
 *(.vfp11_veneer)
 .vfp11_veneer  0x00000000        0x0 linker stubs
 *(.bootloader)
 *(.ARM.extab* .gnu.linkonce.armextab.*)
 *(.gcc_except_table)

.v4_bx          0x000026fc        0x0
 .v4_bx         0x00000000        0x0 linker stubs

.iplt           0x000026fc        0x0
 .iplt          0x00000000        0x0 c:/program files (x86)/cypress/psoc creator/4.0/psoc creator/import/gnu/arm/4.9.3/bin/../lib/gcc/arm-none-eabi/4.9.3/armv7-m/crtbegin.o

.eh_frame_hdr
 *(.eh_frame_hdr)

.eh_frame       0x000026fc        0x4
 *(.eh_frame)
 .eh_frame      0x000026fc        0x0 c:/program files (x86)/cypress/psoc creator/4.0/psoc creator/import/gnu/arm/4.9.3/bin/../lib/gcc/arm-none-eabi/4.9.3/armv7-m/crtbegin.o
 .eh_frame      0x000026fc        0x0 c:/program files (x86)/cypress/psoc creator/4.0/psoc creator/import/gnu/arm/4.9.3/bin/../lib/gcc/arm-none-eabi/4.9.3/../../../../arm-none-eabi/lib/armv7-m\libg_nano.a(lib_a-strcmp.o)
                                 0x28 (size before relaxing)
 .eh_frame      0x000026fc        0x4 c:/program files (x86)/cypress/psoc creator/4.0/psoc creator/import/gnu/arm/4.9.3/bin/../lib/gcc/arm-none-eabi/4.9.3/armv7-m/crtend.o
                0x00002700                PROVIDE (__exidx_start, .)

.ARM.exidx
 *(.ARM.exidx* .gnu.linkonce.armexidx.*)
                0x00002700                __exidx_end = .

.rodata         0x00002700      0x1f0
 *(.rodata .rodata.* .gnu.linkonce.r.*)
 .rodata.str1.4
                0x00002700       0x3b .\ARM_GCC_493\Debug\main.o
                                 0x3c (size before relaxing)
 *fill*         0x0000273b        0x1 
 .rodata.str1.4
                0x0000273c       0x20 .\ARM_GCC_493\Debug\movement.o
 .rodata.str1.4
                0x0000275c        0x4 .\ARM_GCC_493\Debug\serial.o
 .rodata        0x00002760       0x24 .\ARM_GCC_493\Debug\FYP.a(cyfitter_cfg.o)
 .rodata.str1.1
                0x00002784        0x2 c:/program files (x86)/cypress/psoc creator/4.0/psoc creator/import/gnu/arm/4.9.3/bin/../lib/gcc/arm-none-eabi/4.9.3/../../../../arm-none-eabi/lib/armv7-m\libg_nano.a(lib_a-impure.o)
 .rodata._ctype_
                0x00002786      0x101 c:/program files (x86)/cypress/psoc creator/4.0/psoc creator/import/gnu/arm/4.9.3/bin/../lib/gcc/arm-none-eabi/4.9.3/../../../../arm-none-eabi/lib/armv7-m\libg_nano.a(lib_a-ctype_.o)
                0x00002786                _ctype_
 .rodata.str1.1
                0x00002887       0x11 c:/program files (x86)/cypress/psoc creator/4.0/psoc creator/import/gnu/arm/4.9.3/bin/../lib/gcc/arm-none-eabi/4.9.3/../../../../arm-none-eabi/lib/armv7-m\libg_nano.a(lib_a-nano-svfprintf.o)
 .rodata.str1.1
                0x00002898       0x22 c:/program files (x86)/cypress/psoc creator/4.0/psoc creator/import/gnu/arm/4.9.3/bin/../lib/gcc/arm-none-eabi/4.9.3/../../../../arm-none-eabi/lib/armv7-m\libg_nano.a(lib_a-nano-vfprintf_i.o)
                0x000028bc                . = ALIGN (0x4)
 *fill*         0x000028ba        0x2 
 *(.init)
 .init          0x000028bc        0x4 c:/program files (x86)/cypress/psoc creator/4.0/psoc creator/import/gnu/arm/4.9.3/bin/../lib/gcc/arm-none-eabi/4.9.3/armv7-m/crti.o
                0x000028bc                _init
 .init          0x000028c0        0x8 c:/program files (x86)/cypress/psoc creator/4.0/psoc creator/import/gnu/arm/4.9.3/bin/../lib/gcc/arm-none-eabi/4.9.3/armv7-m/crtn.o
                0x000028c8                . = ALIGN (0x4)
                0x000028c8                __preinit_array_start = .
 *(.preinit_array)
                0x000028c8                __preinit_array_end = .
                0x000028c8                . = ALIGN (0x4)
                0x000028c8                __init_array_start = .
 *(SORT(.init_array.*))
 *(.init_array)
 .init_array    0x000028c8        0x4 c:/program files (x86)/cypress/psoc creator/4.0/psoc creator/import/gnu/arm/4.9.3/bin/../lib/gcc/arm-none-eabi/4.9.3/armv7-m/crtbegin.o
 .init_array    0x000028cc        0x4 .\ARM_GCC_493\Debug\Cm3Start.o
                0x000028d0                __init_array_end = .
                0x000028d0                . = ALIGN (0x4)
 *(.fini)
 .fini          0x000028d0        0x4 c:/program files (x86)/cypress/psoc creator/4.0/psoc creator/import/gnu/arm/4.9.3/bin/../lib/gcc/arm-none-eabi/4.9.3/armv7-m/crti.o
                0x000028d0                _fini
 .fini          0x000028d4        0x8 c:/program files (x86)/cypress/psoc creator/4.0/psoc creator/import/gnu/arm/4.9.3/bin/../lib/gcc/arm-none-eabi/4.9.3/armv7-m/crtn.o
                0x000028dc                . = ALIGN (0x4)
                0x000028dc                __fini_array_start = .
 *(.fini_array)
 .fini_array    0x000028dc        0x4 c:/program files (x86)/cypress/psoc creator/4.0/psoc creator/import/gnu/arm/4.9.3/bin/../lib/gcc/arm-none-eabi/4.9.3/armv7-m/crtbegin.o
 *(SORT(.fini_array.*))
                0x000028e0                __fini_array_end = .
                0x000028e0                . = ALIGN (0x4)
 *crtbegin.o(.ctors)
 *(EXCLUDE_FILE(*crtend.o) .ctors)
 *(SORT(.ctors.*))
 *crtend.o(.ctors)
                0x000028e0                . = ALIGN (0x4)
 *crtbegin.o(.dtors)
 *(EXCLUDE_FILE(*crtend.o) .dtors)
 *(SORT(.dtors.*))
 *crtend.o(.dtors)
                0x000028e0                . = ALIGN (0x4)
                0x000028e0                __cy_regions = .
                0x000028e0        0x4 LONG 0x28f0 __cy_region_init_ram
                0x000028e4        0x4 LONG 0x1fff8108 __cy_region_start_data
                0x000028e8        0x4 LONG 0x98 __cy_region_init_size_ram
                0x000028ec        0x4 LONG 0x900 __cy_region_zero_size_ram
                0x000028f0                __cy_regions_end = .
                0x000028f0                . = ALIGN (0x8)
                0x000028f0                _etext = .

.cy_checksum_exclude
                0x000028f0        0x0
 *(.cy_checksum_exclude)

.ramvectors     0x1fff8000      0x100
                0x1fff8000                __cy_region_start_ram = .
 *(.ramvectors)
 .ramvectors    0x1fff8000      0x100 .\ARM_GCC_493\Debug\Cm3Start.o
                0x1fff8000                CyRamVectors

.noinit         0x1fff8100        0x5
 *(.noinit)
 .noinit        0x1fff8100        0x4 .\ARM_GCC_493\Debug\Cm3Start.o
 .noinit        0x1fff8104        0x1 .\ARM_GCC_493\Debug\FYP.a(CyLib.o)
                0x1fff8104                CyResetStatus

.data           0x1fff8108       0x98 load address 0x000028f0
                0x1fff8108                __cy_region_start_data = .
 *(.jcr)
 .jcr           0x1fff8108        0x0 c:/program files (x86)/cypress/psoc creator/4.0/psoc creator/import/gnu/arm/4.9.3/bin/../lib/gcc/arm-none-eabi/4.9.3/armv7-m/crtbegin.o
 .jcr           0x1fff8108        0x4 c:/program files (x86)/cypress/psoc creator/4.0/psoc creator/import/gnu/arm/4.9.3/bin/../lib/gcc/arm-none-eabi/4.9.3/armv7-m/crtend.o
 *(.got.plt)
 *(.got)
 *(.shdata)
 *(.data .data.* .gnu.linkonce.d.*)
 *fill*         0x1fff810c        0x4 
 .data          0x1fff8110       0x10 .\ARM_GCC_493\Debug\movement.o
                0x1fff8110                Kp
                0x1fff8118                Kd
 .data          0x1fff8120        0x4 .\ARM_GCC_493\Debug\Cm3Start.o
 .data          0x1fff8124       0x10 .\ARM_GCC_493\Debug\FYP.a(CyLib.o)
                0x1fff8124                cydelay_32k_ms
                0x1fff8128                cydelay_freq_khz
                0x1fff812c                cydelay_freq_mhz
                0x1fff8130                cydelay_freq_hz
 .data.impure_data
                0x1fff8134       0x60 c:/program files (x86)/cypress/psoc creator/4.0/psoc creator/import/gnu/arm/4.9.3/bin/../lib/gcc/arm-none-eabi/4.9.3/../../../../arm-none-eabi/lib/armv7-m\libg_nano.a(lib_a-impure.o)
 .data._impure_ptr
                0x1fff8194        0x4 c:/program files (x86)/cypress/psoc creator/4.0/psoc creator/import/gnu/arm/4.9.3/bin/../lib/gcc/arm-none-eabi/4.9.3/../../../../arm-none-eabi/lib/armv7-m\libg_nano.a(lib_a-impure.o)
                0x1fff8194                _impure_ptr
 .data.__ctype_ptr__
                0x1fff8198        0x4 c:/program files (x86)/cypress/psoc creator/4.0/psoc creator/import/gnu/arm/4.9.3/bin/../lib/gcc/arm-none-eabi/4.9.3/../../../../arm-none-eabi/lib/armv7-m\libg_nano.a(lib_a-ctype_.o)
                0x1fff8198                __ctype_ptr__
                0x1fff81a0                . = ALIGN (0x8)
 *fill*         0x1fff819c        0x4 
 *(.ram)
                0x1fff81a0                _edata = .

.igot.plt       0x1fff81a0        0x0 load address 0x00002988
 .igot.plt      0x00000000        0x0 c:/program files (x86)/cypress/psoc creator/4.0/psoc creator/import/gnu/arm/4.9.3/bin/../lib/gcc/arm-none-eabi/4.9.3/armv7-m/crtbegin.o

.bss            0x1fff81a0      0x900 load address 0x00002988
                0x1fff81a0                PROVIDE (__bss_start__, .)
 *(.shbss)
 *(.bss .bss.* .gnu.linkonce.b.*)
 .bss           0x1fff81a0       0x1c c:/program files (x86)/cypress/psoc creator/4.0/psoc creator/import/gnu/arm/4.9.3/bin/../lib/gcc/arm-none-eabi/4.9.3/armv7-m/crtbegin.o
 *fill*         0x1fff81bc        0x4 
 .bss           0x1fff81c0       0x10 .\ARM_GCC_493\Debug\movement.o
                0x1fff81c0                cur_dest_left
                0x1fff81c4                cur_dest_right
                0x1fff81c8                Ki
 .bss           0x1fff81d0        0x1 .\ARM_GCC_493\Debug\FYP.a(PWM_M1.o)
                0x1fff81d0                PWM_M1_initVar
 *fill*         0x1fff81d1        0x1 
 .bss           0x1fff81d2        0xa .\ARM_GCC_493\Debug\FYP.a(UART.o)
                0x1fff81d2                UART_errorStatus
                0x1fff81d3                UART_initVar
                0x1fff81d4                UART_rxBufferRead
                0x1fff81d6                UART_rxBufferWrite
                0x1fff81d8                UART_rxBufferLoopDetect
                0x1fff81d9                UART_rxBufferOverflow
 .bss           0x1fff81dc        0x1 .\ARM_GCC_493\Debug\FYP.a(PWM_M2.o)
                0x1fff81dc                PWM_M2_initVar
 .bss           0x1fff81dd        0x1 .\ARM_GCC_493\Debug\FYP.a(M1QuadDec.o)
                0x1fff81dd                M1QuadDec_initVar
 *fill*         0x1fff81de        0x2 
 .bss           0x1fff81e0        0x4 .\ARM_GCC_493\Debug\FYP.a(M1QuadDec_INT.o)
                0x1fff81e0                M1QuadDec_count32SoftPart
 .bss           0x1fff81e4        0x1 .\ARM_GCC_493\Debug\FYP.a(M2QuadDec.o)
                0x1fff81e4                M2QuadDec_initVar
 *fill*         0x1fff81e5        0x3 
 .bss           0x1fff81e8        0x4 .\ARM_GCC_493\Debug\FYP.a(M2QuadDec_INT.o)
                0x1fff81e8                M2QuadDec_count32SoftPart
 .bss           0x1fff81ec        0x1 .\ARM_GCC_493\Debug\FYP.a(M1QuadDec_Cnt16.o)
                0x1fff81ec                M1QuadDec_Cnt16_initVar
 .bss           0x1fff81ed        0x1 .\ARM_GCC_493\Debug\FYP.a(M2QuadDec_Cnt16.o)
                0x1fff81ed                M2QuadDec_Cnt16_initVar
 .bss           0x1fff81ee        0x1 .\ARM_GCC_493\Debug\FYP.a(Timer_1.o)
                0x1fff81ee                Timer_1_initVar
 *fill*         0x1fff81ef        0x1 
 .bss.__malloc_sbrk_start
                0x1fff81f0        0x4 c:/program files (x86)/cypress/psoc creator/4.0/psoc creator/import/gnu/arm/4.9.3/bin/../lib/gcc/arm-none-eabi/4.9.3/../../../../arm-none-eabi/lib/armv7-m\libg_nano.a(lib_a-nano-mallocr.o)
                0x1fff81f0                __malloc_sbrk_start
 .bss.__malloc_free_list
                0x1fff81f4        0x4 c:/program files (x86)/cypress/psoc creator/4.0/psoc creator/import/gnu/arm/4.9.3/bin/../lib/gcc/arm-none-eabi/4.9.3/../../../../arm-none-eabi/lib/armv7-m\libg_nano.a(lib_a-nano-mallocr.o)
                0x1fff81f4                __malloc_free_list
 *(COMMON)
 COMMON         0x1fff81f8       0x32 .\ARM_GCC_493\Debug\main.o
                0x1fff81f8                mystring
 *fill*         0x1fff822a        0x2 
 COMMON         0x1fff822c       0x64 .\ARM_GCC_493\Debug\movement.o
                0x1fff822c                angle_local
                0x1fff8230                last_pos_right
                0x1fff8234                prev_dest_right
                0x1fff8238                inc_right
                0x1fff823c                adj_motor_right
                0x1fff8240                speed_right
                0x1fff8244                time_ms_start
                0x1fff8248                volt_motor_left
                0x1fff824c                cur_pos_right
                0x1fff8250                volt_motor_right
                0x1fff8254                speed_left
                0x1fff8258                error_right_prev
                0x1fff825c                error_left_prev
                0x1fff8260                error_left
                0x1fff8264                distance_right
                0x1fff8268                distance_left
                0x1fff826c                cur_pos_left
                0x1fff8270                error_right
                0x1fff8274                prev_dest_left
                0x1fff8278                error_left_sum
                0x1fff827c                error_right_sum
                0x1fff8280                adj_motor_left
                0x1fff8284                inc_left
                0x1fff8288                last_pos_left
                0x1fff828c                time_ms
 COMMON         0x1fff8290      0x405 .\ARM_GCC_493\Debug\serial.o
                0x1fff8290                i
                0x1fff8294                buffer
                0x1fff8694                trigger
 *fill*         0x1fff8695        0x3 
 COMMON         0x1fff8698      0x400 .\ARM_GCC_493\Debug\FYP.a(UART.o)
                0x1fff8698                UART_rxBuffer
 COMMON         0x1fff8a98        0x4 c:/program files (x86)/cypress/psoc creator/4.0/psoc creator/import/gnu/arm/4.9.3/bin/../lib/gcc/arm-none-eabi/4.9.3/../../../../arm-none-eabi/lib/armv7-m\libg_nano.a(lib_a-reent.o)
                0x1fff8a98                errno
                0x1fff8aa0                . = ALIGN (0x8)
 *fill*         0x1fff8a9c        0x4 
 *(.ram.b)
                0x1fff8aa0                _end = .
                0x1fff8aa0                __end = .
                0x1fff8aa0                PROVIDE (end, .)
                0x1fff8aa0                PROVIDE (__bss_end__, .)
                0x000028f0                __cy_region_init_ram = LOADADDR (.data)
                0x00000098                __cy_region_init_size_ram = (_edata - ADDR (.data))
                0x00000900                __cy_region_zero_size_ram = (_end - _edata)

.heap           0x1fff8aa0       0x80 load address 0x00002988
                0x1fff8aa0                . = _end
                0x1fff8b20                . = (. + 0x80)
 *fill*         0x1fff8aa0       0x80 
                0x1fff8b20                __cy_heap_limit = .

.stack          0x20007800      0x800
                0x20007800                __cy_stack_limit = .
                0x20008000                . = (. + 0x800)
 *fill*         0x20007800      0x800 
                0x00000001                ASSERT ((__cy_stack_limit >= __cy_heap_limit), region RAM overflowed with stack)
                0x00000000                cy_checksum_exclude_size = (CY_APPL_LOADABLE == 0x1)?SIZEOF (.cy_checksum_exclude):0x0
                0x00000001                ASSERT ((cy_checksum_exclude_size <= CY_CHECKSUM_EXCLUDE_SIZE), CY_BOOT: Section .cy_checksum_exclude size exceedes specified limit.)

.cyloadermeta
 *(.cyloadermeta)

.cyloadablemeta
 *(.cyloadablemeta)

.cyconfigecc    0x80000000      0xd00
 *(.cyconfigecc)
 .cyconfigecc   0x80000000      0xd00 .\ARM_GCC_493\Debug\cymetadata.o
                0x80000000                cy_meta_configecc

.cycustnvl      0x90000000        0x4
 *(.cycustnvl)
 .cycustnvl     0x90000000        0x4 .\ARM_GCC_493\Debug\cymetadata.o
                0x90000000                cy_meta_custnvl

.cywolatch      0x90100000        0x4
 *(.cywolatch)
 .cywolatch     0x90100000        0x4 .\ARM_GCC_493\Debug\cymetadata.o
                0x90100000                cy_meta_wonvl

.cyeeprom       0x90200000        0x0
 *(.cyeeprom)
                0x00000001                ASSERT ((. <= ((0x90200000 + ee_offset) + ee_size)), .cyeeprom data will not fit in EEPROM)

.cyflashprotect
                0x90400000      0x100
 *(.cyflashprotect)
 .cyflashprotect
                0x90400000      0x100 .\ARM_GCC_493\Debug\cymetadata.o
                0x90400000                cy_meta_flashprotect

.cymeta         0x90500000        0xc
 *(.cymeta)
 .cymeta        0x90500000        0xc .\ARM_GCC_493\Debug\cymetadata.o
                0x90500000                cy_metadata

.rel.dyn        0x00002988        0x0 load address 0x9050000c
 .rel.iplt      0x00000000        0x0 c:/program files (x86)/cypress/psoc creator/4.0/psoc creator/import/gnu/arm/4.9.3/bin/../lib/gcc/arm-none-eabi/4.9.3/armv7-m/crtbegin.o

.stab
 *(.stab)

.stabstr
 *(.stabstr)

.debug
 *(.debug)

.line
 *(.line)

.debug_srcinfo
 *(.debug_srcinfo)

.debug_sfnames
 *(.debug_sfnames)

.debug_aranges  0x00000000      0xdd8
 *(.debug_aranges)
 .debug_aranges
                0x00000000       0x38 .\ARM_GCC_493\Debug\main.o
 .debug_aranges
                0x00000038       0x78 .\ARM_GCC_493\Debug\movement.o
 .debug_aranges
                0x000000b0       0x38 .\ARM_GCC_493\Debug\serial.o
 .debug_aranges
                0x000000e8       0x18 .\ARM_GCC_493\Debug\cymetadata.o
 .debug_aranges
                0x00000100       0x48 .\ARM_GCC_493\Debug\Cm3Start.o
 .debug_aranges
                0x00000148       0x58 .\ARM_GCC_493\Debug\FYP.a(cyfitter_cfg.o)
 .debug_aranges
                0x000001a0       0x98 .\ARM_GCC_493\Debug\FYP.a(PWM_M1.o)
 .debug_aranges
                0x00000238       0x70 .\ARM_GCC_493\Debug\FYP.a(MClock.o)
 .debug_aranges
                0x000002a8       0x38 .\ARM_GCC_493\Debug\FYP.a(M1_FWD.o)
 .debug_aranges
                0x000002e0       0xf0 .\ARM_GCC_493\Debug\FYP.a(UART.o)
 .debug_aranges
                0x000003d0       0x20 .\ARM_GCC_493\Debug\FYP.a(UART_INT.o)
 .debug_aranges
                0x000003f0       0x38 .\ARM_GCC_493\Debug\FYP.a(M1_BWD.o)
 .debug_aranges
                0x00000428       0x98 .\ARM_GCC_493\Debug\FYP.a(PWM_M2.o)
 .debug_aranges
                0x000004c0       0x38 .\ARM_GCC_493\Debug\FYP.a(M2_FWD.o)
 .debug_aranges
                0x000004f8       0x38 .\ARM_GCC_493\Debug\FYP.a(M2_BWD.o)
 .debug_aranges
                0x00000530       0x70 .\ARM_GCC_493\Debug\FYP.a(UART_IntClock.o)
 .debug_aranges
                0x000005a0      0x2a0 .\ARM_GCC_493\Debug\FYP.a(CyLib.o)
 .debug_aranges
                0x00000840       0x98 .\ARM_GCC_493\Debug\FYP.a(cyPm.o)
 .debug_aranges
                0x000008d8       0x38 .\ARM_GCC_493\Debug\FYP.a(Standby.o)
 .debug_aranges
                0x00000910       0x60 .\ARM_GCC_493\Debug\FYP.a(M1QuadDec.o)
 .debug_aranges
                0x00000970       0x20 .\ARM_GCC_493\Debug\FYP.a(M1QuadDec_INT.o)
 .debug_aranges
                0x00000990       0x70 .\ARM_GCC_493\Debug\FYP.a(M1Clock.o)
 .debug_aranges
                0x00000a00       0x60 .\ARM_GCC_493\Debug\FYP.a(M2QuadDec.o)
 .debug_aranges
                0x00000a60       0x20 .\ARM_GCC_493\Debug\FYP.a(M2QuadDec_INT.o)
 .debug_aranges
                0x00000a80       0x98 .\ARM_GCC_493\Debug\FYP.a(M1QuadDec_Cnt16.o)
 .debug_aranges
                0x00000b18       0x98 .\ARM_GCC_493\Debug\FYP.a(M2QuadDec_Cnt16.o)
 .debug_aranges
                0x00000bb0       0x80 .\ARM_GCC_493\Debug\FYP.a(isr_1ms.o)
 .debug_aranges
                0x00000c30       0x90 .\ARM_GCC_493\Debug\FYP.a(Timer_1.o)
 .debug_aranges
                0x00000cc0       0x20 .\ARM_GCC_493\Debug\FYP.a(CyBootAsmGnu.o)
 .debug_aranges
                0x00000ce0       0x80 .\ARM_GCC_493\Debug\FYP.a(CyFlash.o)
 .debug_aranges
                0x00000d60       0x78 .\ARM_GCC_493\Debug\FYP.a(CySpc.o)

.debug_pubnames
 *(.debug_pubnames)

.debug_info     0x00000000     0x7865
 *(.debug_info .gnu.linkonce.wi.*)
 .debug_info    0x00000000      0x555 .\ARM_GCC_493\Debug\main.o
 .debug_info    0x00000555      0x72e .\ARM_GCC_493\Debug\movement.o
 .debug_info    0x00000c83      0x716 .\ARM_GCC_493\Debug\serial.o
 .debug_info    0x00001399      0x13f .\ARM_GCC_493\Debug\cymetadata.o
 .debug_info    0x000014d8      0x3b3 .\ARM_GCC_493\Debug\Cm3Start.o
 .debug_info    0x0000188b      0x4f8 .\ARM_GCC_493\Debug\FYP.a(cyfitter_cfg.o)
 .debug_info    0x00001d83      0x34c .\ARM_GCC_493\Debug\FYP.a(PWM_M1.o)
 .debug_info    0x000020cf      0x283 .\ARM_GCC_493\Debug\FYP.a(MClock.o)
 .debug_info    0x00002352      0x11f .\ARM_GCC_493\Debug\FYP.a(M1_FWD.o)
 .debug_info    0x00002471      0x757 .\ARM_GCC_493\Debug\FYP.a(UART.o)
 .debug_info    0x00002bc8      0x157 .\ARM_GCC_493\Debug\FYP.a(UART_INT.o)
 .debug_info    0x00002d1f      0x11f .\ARM_GCC_493\Debug\FYP.a(M1_BWD.o)
 .debug_info    0x00002e3e      0x34c .\ARM_GCC_493\Debug\FYP.a(PWM_M2.o)
 .debug_info    0x0000318a      0x11f .\ARM_GCC_493\Debug\FYP.a(M2_FWD.o)
 .debug_info    0x000032a9      0x11f .\ARM_GCC_493\Debug\FYP.a(M2_BWD.o)
 .debug_info    0x000033c8      0x283 .\ARM_GCC_493\Debug\FYP.a(UART_IntClock.o)
 .debug_info    0x0000364b     0x1385 .\ARM_GCC_493\Debug\FYP.a(CyLib.o)
 .debug_info    0x000049d0      0xa57 .\ARM_GCC_493\Debug\FYP.a(cyPm.o)
 .debug_info    0x00005427      0x11f .\ARM_GCC_493\Debug\FYP.a(Standby.o)
 .debug_info    0x00005546      0x381 .\ARM_GCC_493\Debug\FYP.a(M1QuadDec.o)
 .debug_info    0x000058c7       0xec .\ARM_GCC_493\Debug\FYP.a(M1QuadDec_INT.o)
 .debug_info    0x000059b3      0x283 .\ARM_GCC_493\Debug\FYP.a(M1Clock.o)
 .debug_info    0x00005c36      0x381 .\ARM_GCC_493\Debug\FYP.a(M2QuadDec.o)
 .debug_info    0x00005fb7       0xec .\ARM_GCC_493\Debug\FYP.a(M2QuadDec_INT.o)
 .debug_info    0x000060a3      0x343 .\ARM_GCC_493\Debug\FYP.a(M1QuadDec_Cnt16.o)
 .debug_info    0x000063e6      0x343 .\ARM_GCC_493\Debug\FYP.a(M2QuadDec_Cnt16.o)
 .debug_info    0x00006729      0x2cb .\ARM_GCC_493\Debug\FYP.a(isr_1ms.o)
 .debug_info    0x000069f4      0x2eb .\ARM_GCC_493\Debug\FYP.a(Timer_1.o)
 .debug_info    0x00006cdf       0x94 .\ARM_GCC_493\Debug\FYP.a(CyBootAsmGnu.o)
 .debug_info    0x00006d73      0x608 .\ARM_GCC_493\Debug\FYP.a(CyFlash.o)
 .debug_info    0x0000737b      0x4ea .\ARM_GCC_493\Debug\FYP.a(CySpc.o)

.debug_abbrev   0x00000000     0x261b
 *(.debug_abbrev)
 .debug_abbrev  0x00000000      0x1b6 .\ARM_GCC_493\Debug\main.o
 .debug_abbrev  0x000001b6      0x1b0 .\ARM_GCC_493\Debug\movement.o
 .debug_abbrev  0x00000366      0x1aa .\ARM_GCC_493\Debug\serial.o
 .debug_abbrev  0x00000510       0x77 .\ARM_GCC_493\Debug\cymetadata.o
 .debug_abbrev  0x00000587      0x1f7 .\ARM_GCC_493\Debug\Cm3Start.o
 .debug_abbrev  0x0000077e      0x203 .\ARM_GCC_493\Debug\FYP.a(cyfitter_cfg.o)
 .debug_abbrev  0x00000981      0x14d .\ARM_GCC_493\Debug\FYP.a(PWM_M1.o)
 .debug_abbrev  0x00000ace      0x139 .\ARM_GCC_493\Debug\FYP.a(MClock.o)
 .debug_abbrev  0x00000c07       0x90 .\ARM_GCC_493\Debug\FYP.a(M1_FWD.o)
 .debug_abbrev  0x00000c97      0x1b8 .\ARM_GCC_493\Debug\FYP.a(UART.o)
 .debug_abbrev  0x00000e4f       0x8a .\ARM_GCC_493\Debug\FYP.a(UART_INT.o)
 .debug_abbrev  0x00000ed9       0x90 .\ARM_GCC_493\Debug\FYP.a(M1_BWD.o)
 .debug_abbrev  0x00000f69      0x14d .\ARM_GCC_493\Debug\FYP.a(PWM_M2.o)
 .debug_abbrev  0x000010b6       0x90 .\ARM_GCC_493\Debug\FYP.a(M2_FWD.o)
 .debug_abbrev  0x00001146       0x90 .\ARM_GCC_493\Debug\FYP.a(M2_BWD.o)
 .debug_abbrev  0x000011d6      0x139 .\ARM_GCC_493\Debug\FYP.a(UART_IntClock.o)
 .debug_abbrev  0x0000130f      0x296 .\ARM_GCC_493\Debug\FYP.a(CyLib.o)
 .debug_abbrev  0x000015a5      0x1ed .\ARM_GCC_493\Debug\FYP.a(cyPm.o)
 .debug_abbrev  0x00001792       0x90 .\ARM_GCC_493\Debug\FYP.a(Standby.o)
 .debug_abbrev  0x00001822      0x17a .\ARM_GCC_493\Debug\FYP.a(M1QuadDec.o)
 .debug_abbrev  0x0000199c       0x78 .\ARM_GCC_493\Debug\FYP.a(M1QuadDec_INT.o)
 .debug_abbrev  0x00001a14      0x139 .\ARM_GCC_493\Debug\FYP.a(M1Clock.o)
 .debug_abbrev  0x00001b4d      0x17a .\ARM_GCC_493\Debug\FYP.a(M2QuadDec.o)
 .debug_abbrev  0x00001cc7       0x78 .\ARM_GCC_493\Debug\FYP.a(M2QuadDec_INT.o)
 .debug_abbrev  0x00001d3f      0x131 .\ARM_GCC_493\Debug\FYP.a(M1QuadDec_Cnt16.o)
 .debug_abbrev  0x00001e70      0x131 .\ARM_GCC_493\Debug\FYP.a(M2QuadDec_Cnt16.o)
 .debug_abbrev  0x00001fa1      0x173 .\ARM_GCC_493\Debug\FYP.a(isr_1ms.o)
 .debug_abbrev  0x00002114      0x145 .\ARM_GCC_493\Debug\FYP.a(Timer_1.o)
 .debug_abbrev  0x00002259       0x14 .\ARM_GCC_493\Debug\FYP.a(CyBootAsmGnu.o)
 .debug_abbrev  0x0000226d      0x1ed .\ARM_GCC_493\Debug\FYP.a(CyFlash.o)
 .debug_abbrev  0x0000245a      0x1c1 .\ARM_GCC_493\Debug\FYP.a(CySpc.o)

.debug_line     0x00000000     0x3364
 *(.debug_line)
 .debug_line    0x00000000      0x23f .\ARM_GCC_493\Debug\main.o
 .debug_line    0x0000023f      0x2eb .\ARM_GCC_493\Debug\movement.o
 .debug_line    0x0000052a      0x2c0 .\ARM_GCC_493\Debug\serial.o
 .debug_line    0x000007ea       0x51 .\ARM_GCC_493\Debug\cymetadata.o
 .debug_line    0x0000083b      0x24f .\ARM_GCC_493\Debug\Cm3Start.o
 .debug_line    0x00000a8a      0x1e2 .\ARM_GCC_493\Debug\FYP.a(cyfitter_cfg.o)
 .debug_line    0x00000c6c      0x189 .\ARM_GCC_493\Debug\FYP.a(PWM_M1.o)
 .debug_line    0x00000df5      0x175 .\ARM_GCC_493\Debug\FYP.a(MClock.o)
 .debug_line    0x00000f6a       0x93 .\ARM_GCC_493\Debug\FYP.a(M1_FWD.o)
 .debug_line    0x00000ffd      0x302 .\ARM_GCC_493\Debug\FYP.a(UART.o)
 .debug_line    0x000012ff       0x81 .\ARM_GCC_493\Debug\FYP.a(UART_INT.o)
 .debug_line    0x00001380       0x93 .\ARM_GCC_493\Debug\FYP.a(M1_BWD.o)
 .debug_line    0x00001413      0x189 .\ARM_GCC_493\Debug\FYP.a(PWM_M2.o)
 .debug_line    0x0000159c       0x93 .\ARM_GCC_493\Debug\FYP.a(M2_FWD.o)
 .debug_line    0x0000162f       0x93 .\ARM_GCC_493\Debug\FYP.a(M2_BWD.o)
 .debug_line    0x000016c2      0x17c .\ARM_GCC_493\Debug\FYP.a(UART_IntClock.o)
 .debug_line    0x0000183e      0x816 .\ARM_GCC_493\Debug\FYP.a(CyLib.o)
 .debug_line    0x00002054      0x364 .\ARM_GCC_493\Debug\FYP.a(cyPm.o)
 .debug_line    0x000023b8       0x94 .\ARM_GCC_493\Debug\FYP.a(Standby.o)
 .debug_line    0x0000244c      0x13d .\ARM_GCC_493\Debug\FYP.a(M1QuadDec.o)
 .debug_line    0x00002589       0x6c .\ARM_GCC_493\Debug\FYP.a(M1QuadDec_INT.o)
 .debug_line    0x000025f5      0x176 .\ARM_GCC_493\Debug\FYP.a(M1Clock.o)
 .debug_line    0x0000276b      0x13d .\ARM_GCC_493\Debug\FYP.a(M2QuadDec.o)
 .debug_line    0x000028a8       0x6c .\ARM_GCC_493\Debug\FYP.a(M2QuadDec_INT.o)
 .debug_line    0x00002914      0x18f .\ARM_GCC_493\Debug\FYP.a(M1QuadDec_Cnt16.o)
 .debug_line    0x00002aa3      0x18f .\ARM_GCC_493\Debug\FYP.a(M2QuadDec_Cnt16.o)
 .debug_line    0x00002c32      0x134 .\ARM_GCC_493\Debug\FYP.a(isr_1ms.o)
 .debug_line    0x00002d66      0x172 .\ARM_GCC_493\Debug\FYP.a(Timer_1.o)
 .debug_line    0x00002ed8       0x66 .\ARM_GCC_493\Debug\FYP.a(CyBootAsmGnu.o)
 .debug_line    0x00002f3e      0x1ea .\ARM_GCC_493\Debug\FYP.a(CyFlash.o)
 .debug_line    0x00003128      0x23c .\ARM_GCC_493\Debug\FYP.a(CySpc.o)

.debug_frame    0x00000000     0x298c
 *(.debug_frame)
 .debug_frame   0x00000000       0x80 .\ARM_GCC_493\Debug\main.o
 .debug_frame   0x00000080      0x160 .\ARM_GCC_493\Debug\movement.o
 .debug_frame   0x000001e0       0xb4 .\ARM_GCC_493\Debug\serial.o
 .debug_frame   0x00000294       0xb8 .\ARM_GCC_493\Debug\Cm3Start.o
 .debug_frame   0x0000034c       0xe4 .\ARM_GCC_493\Debug\FYP.a(cyfitter_cfg.o)
 .debug_frame   0x00000430      0x134 .\ARM_GCC_493\Debug\FYP.a(PWM_M1.o)
 .debug_frame   0x00000564       0xe0 .\ARM_GCC_493\Debug\FYP.a(MClock.o)
 .debug_frame   0x00000644       0x50 .\ARM_GCC_493\Debug\FYP.a(M1_FWD.o)
 .debug_frame   0x00000694      0x25c .\ARM_GCC_493\Debug\FYP.a(UART.o)
 .debug_frame   0x000008f0       0x20 .\ARM_GCC_493\Debug\FYP.a(UART_INT.o)
 .debug_frame   0x00000910       0x50 .\ARM_GCC_493\Debug\FYP.a(M1_BWD.o)
 .debug_frame   0x00000960      0x134 .\ARM_GCC_493\Debug\FYP.a(PWM_M2.o)
 .debug_frame   0x00000a94       0x50 .\ARM_GCC_493\Debug\FYP.a(M2_FWD.o)
 .debug_frame   0x00000ae4       0x50 .\ARM_GCC_493\Debug\FYP.a(M2_BWD.o)
 .debug_frame   0x00000b34       0xe0 .\ARM_GCC_493\Debug\FYP.a(UART_IntClock.o)
 .debug_frame   0x00000c14      0x738 .\ARM_GCC_493\Debug\FYP.a(CyLib.o)
 .debug_frame   0x0000134c      0x1f8 .\ARM_GCC_493\Debug\FYP.a(cyPm.o)
 .debug_frame   0x00001544       0x50 .\ARM_GCC_493\Debug\FYP.a(Standby.o)
 .debug_frame   0x00001594       0xec .\ARM_GCC_493\Debug\FYP.a(M1QuadDec.o)
 .debug_frame   0x00001680       0x20 .\ARM_GCC_493\Debug\FYP.a(M1QuadDec_INT.o)
 .debug_frame   0x000016a0       0xe0 .\ARM_GCC_493\Debug\FYP.a(M1Clock.o)
 .debug_frame   0x00001780       0xec .\ARM_GCC_493\Debug\FYP.a(M2QuadDec.o)
 .debug_frame   0x0000186c       0x20 .\ARM_GCC_493\Debug\FYP.a(M2QuadDec_INT.o)
 .debug_frame   0x0000188c      0x134 .\ARM_GCC_493\Debug\FYP.a(M1QuadDec_Cnt16.o)
 .debug_frame   0x000019c0      0x134 .\ARM_GCC_493\Debug\FYP.a(M2QuadDec_Cnt16.o)
 .debug_frame   0x00001af4      0x104 .\ARM_GCC_493\Debug\FYP.a(isr_1ms.o)
 .debug_frame   0x00001bf8      0x124 .\ARM_GCC_493\Debug\FYP.a(Timer_1.o)
 .debug_frame   0x00001d1c      0x174 .\ARM_GCC_493\Debug\FYP.a(CyFlash.o)
 .debug_frame   0x00001e90      0x160 .\ARM_GCC_493\Debug\FYP.a(CySpc.o)
 .debug_frame   0x00001ff0       0x20 c:/program files (x86)/cypress/psoc creator/4.0/psoc creator/import/gnu/arm/4.9.3/bin/../lib/gcc/arm-none-eabi/4.9.3/../../../../arm-none-eabi/lib/armv7-m\libg_nano.a(lib_a-atof.o)
 .debug_frame   0x00002010       0x30 c:/program files (x86)/cypress/psoc creator/4.0/psoc creator/import/gnu/arm/4.9.3/bin/../lib/gcc/arm-none-eabi/4.9.3/../../../../arm-none-eabi/lib/armv7-m\libg_nano.a(lib_a-atoi.o)
 .debug_frame   0x00002040       0x20 c:/program files (x86)/cypress/psoc creator/4.0/psoc creator/import/gnu/arm/4.9.3/bin/../lib/gcc/arm-none-eabi/4.9.3/../../../../arm-none-eabi/lib/armv7-m\libg_nano.a(lib_a-errno.o)
 .debug_frame   0x00002060       0x28 c:/program files (x86)/cypress/psoc creator/4.0/psoc creator/import/gnu/arm/4.9.3/bin/../lib/gcc/arm-none-eabi/4.9.3/../../../../arm-none-eabi/lib/armv7-m\libg_nano.a(lib_a-exit.o)
 .debug_frame   0x00002088       0x2c c:/program files (x86)/cypress/psoc creator/4.0/psoc creator/import/gnu/arm/4.9.3/bin/../lib/gcc/arm-none-eabi/4.9.3/../../../../arm-none-eabi/lib/armv7-m\libg_nano.a(lib_a-init.o)
 .debug_frame   0x000020b4       0x28 c:/program files (x86)/cypress/psoc creator/4.0/psoc creator/import/gnu/arm/4.9.3/bin/../lib/gcc/arm-none-eabi/4.9.3/../../../../arm-none-eabi/lib/armv7-m\libg_nano.a(lib_a-memcpy.o)
 .debug_frame   0x000020dc       0x20 c:/program files (x86)/cypress/psoc creator/4.0/psoc creator/import/gnu/arm/4.9.3/bin/../lib/gcc/arm-none-eabi/4.9.3/../../../../arm-none-eabi/lib/armv7-m\libg_nano.a(lib_a-memset.o)
 .debug_frame   0x000020fc       0x70 c:/program files (x86)/cypress/psoc creator/4.0/psoc creator/import/gnu/arm/4.9.3/bin/../lib/gcc/arm-none-eabi/4.9.3/../../../../arm-none-eabi/lib/armv7-m\libg_nano.a(lib_a-sprintf.o)
 .debug_frame   0x0000216c       0x28 c:/program files (x86)/cypress/psoc creator/4.0/psoc creator/import/gnu/arm/4.9.3/bin/../lib/gcc/arm-none-eabi/4.9.3/../../../../arm-none-eabi/lib/armv7-m\libg_nano.a(lib_a-strncpy.o)
 .debug_frame   0x00002194       0xb4 c:/program files (x86)/cypress/psoc creator/4.0/psoc creator/import/gnu/arm/4.9.3/bin/../lib/gcc/arm-none-eabi/4.9.3/../../../../arm-none-eabi/lib/armv7-m\libg_nano.a(lib_a-strtod.o)
 .debug_frame   0x00002248       0x54 c:/program files (x86)/cypress/psoc creator/4.0/psoc creator/import/gnu/arm/4.9.3/bin/../lib/gcc/arm-none-eabi/4.9.3/../../../../arm-none-eabi/lib/armv7-m\libg_nano.a(lib_a-strtol.o)
 .debug_frame   0x0000229c       0x70 c:/program files (x86)/cypress/psoc creator/4.0/psoc creator/import/gnu/arm/4.9.3/bin/../lib/gcc/arm-none-eabi/4.9.3/../../../../arm-none-eabi/lib/armv7-m\libg_nano.a(lib_a-gdtoa-gethex.o)
 .debug_frame   0x0000230c       0x58 c:/program files (x86)/cypress/psoc creator/4.0/psoc creator/import/gnu/arm/4.9.3/bin/../lib/gcc/arm-none-eabi/4.9.3/../../../../arm-none-eabi/lib/armv7-m\libg_nano.a(lib_a-gdtoa-hexnan.o)
 .debug_frame   0x00002364       0x98 c:/program files (x86)/cypress/psoc creator/4.0/psoc creator/import/gnu/arm/4.9.3/bin/../lib/gcc/arm-none-eabi/4.9.3/../../../../arm-none-eabi/lib/armv7-m\libg_nano.a(lib_a-locale.o)
 .debug_frame   0x000023fc      0x230 c:/program files (x86)/cypress/psoc creator/4.0/psoc creator/import/gnu/arm/4.9.3/bin/../lib/gcc/arm-none-eabi/4.9.3/../../../../arm-none-eabi/lib/armv7-m\libg_nano.a(lib_a-mprec.o)
 .debug_frame   0x0000262c       0x2c c:/program files (x86)/cypress/psoc creator/4.0/psoc creator/import/gnu/arm/4.9.3/bin/../lib/gcc/arm-none-eabi/4.9.3/../../../../arm-none-eabi/lib/armv7-m\libg_nano.a(lib_a-nano-callocr.o)
 .debug_frame   0x00002658       0x2c c:/program files (x86)/cypress/psoc creator/4.0/psoc creator/import/gnu/arm/4.9.3/bin/../lib/gcc/arm-none-eabi/4.9.3/../../../../arm-none-eabi/lib/armv7-m\libg_nano.a(lib_a-nano-mallocr.o)
 .debug_frame   0x00002684       0x8c c:/program files (x86)/cypress/psoc creator/4.0/psoc creator/import/gnu/arm/4.9.3/bin/../lib/gcc/arm-none-eabi/4.9.3/../../../../arm-none-eabi/lib/armv7-m\libg_nano.a(lib_a-nano-svfprintf.o)
 .debug_frame   0x00002710       0x58 c:/program files (x86)/cypress/psoc creator/4.0/psoc creator/import/gnu/arm/4.9.3/bin/../lib/gcc/arm-none-eabi/4.9.3/../../../../arm-none-eabi/lib/armv7-m\libg_nano.a(lib_a-nano-vfprintf_i.o)
 .debug_frame   0x00002768       0x28 c:/program files (x86)/cypress/psoc creator/4.0/psoc creator/import/gnu/arm/4.9.3/bin/../lib/gcc/arm-none-eabi/4.9.3/../../../../arm-none-eabi/lib/armv7-m\libg_nano.a(lib_a-s_fpclassify.o)
 .debug_frame   0x00002790       0x2c c:/program files (x86)/cypress/psoc creator/4.0/psoc creator/import/gnu/arm/4.9.3/bin/../lib/gcc/arm-none-eabi/4.9.3/../../../../arm-none-eabi/lib/armv7-m\libg_nano.a(lib_a-sbrkr.o)
 .debug_frame   0x000027bc       0x20 c:/program files (x86)/cypress/psoc creator/4.0/psoc creator/import/gnu/arm/4.9.3/bin/../lib/gcc/arm-none-eabi/4.9.3/../../../../arm-none-eabi/lib/armv7-m\libg_nano.a(lib_a-sf_nan.o)
 .debug_frame   0x000027dc       0x20 c:/program files (x86)/cypress/psoc creator/4.0/psoc creator/import/gnu/arm/4.9.3/bin/../lib/gcc/arm-none-eabi/4.9.3/../../../../arm-none-eabi/lib/armv7-m\libg_nano.a(lib_a-strlen.o)
 .debug_frame   0x000027fc       0x2c c:/program files (x86)/cypress/psoc creator/4.0/psoc creator/import/gnu/arm/4.9.3/bin/../lib/gcc/arm-none-eabi/4.9.3/../../../../arm-none-eabi/lib/armv7-m\libg_nano.a(lib_a-strncmp.o)
 .debug_frame   0x00002828       0x30 c:/program files (x86)/cypress/psoc creator/4.0/psoc creator/import/gnu/arm/4.9.3/bin/../lib/gcc/arm-none-eabi/4.9.3/../../../../arm-none-eabi/lib/armv7-m\libg_nano.a(lib_a-malloc.o)
 .debug_frame   0x00002858       0x28 c:/program files (x86)/cypress/psoc creator/4.0/psoc creator/import/gnu/arm/4.9.3/bin/../lib/gcc/arm-none-eabi/4.9.3/../../../../arm-none-eabi/lib/armv7-m\libg_nano.a(lib_a-memchr.o)
 .debug_frame   0x00002880       0x28 c:/program files (x86)/cypress/psoc creator/4.0/psoc creator/import/gnu/arm/4.9.3/bin/../lib/gcc/arm-none-eabi/4.9.3/../../../../arm-none-eabi/lib/armv7-m\libg_nano.a(lib_a-memmove.o)
 .debug_frame   0x000028a8       0x2c c:/program files (x86)/cypress/psoc creator/4.0/psoc creator/import/gnu/arm/4.9.3/bin/../lib/gcc/arm-none-eabi/4.9.3/../../../../arm-none-eabi/lib/armv7-m\libg_nano.a(lib_a-nano-freer.o)
 .debug_frame   0x000028d4       0x3c c:/program files (x86)/cypress/psoc creator/4.0/psoc creator/import/gnu/arm/4.9.3/bin/../lib/gcc/arm-none-eabi/4.9.3/../../../../arm-none-eabi/lib/armv7-m\libg_nano.a(lib_a-nano-reallocr.o)
 .debug_frame   0x00002910       0x5c c:/program files (x86)/cypress/psoc creator/4.0/psoc creator/import/gnu/arm/4.9.3/bin/../lib/gcc/arm-none-eabi/4.9.3/../../../../arm-none-eabi/lib/armv7-m\libg_nano.a(lib_a-reent.o)
 .debug_frame   0x0000296c       0x20 c:/program files (x86)/cypress/psoc creator/4.0/psoc creator/import/gnu/arm/4.9.3/bin/../lib/gcc/arm-none-eabi/4.9.3/../../../../arm-none-eabi/lib/armv7-m\libg_nano.a(lib_a-nano-msizer.o)

.debug_str      0x00000000     0x2b2c
 *(.debug_str)
 .debug_str     0x00000000      0x3a7 .\ARM_GCC_493\Debug\main.o
                                0x40d (size before relaxing)
 .debug_str     0x000003a7      0x2a8 .\ARM_GCC_493\Debug\movement.o
                                0x4ac (size before relaxing)
 .debug_str     0x0000064f       0x65 .\ARM_GCC_493\Debug\serial.o
                                0x293 (size before relaxing)
 .debug_str     0x000006b4       0x75 .\ARM_GCC_493\Debug\cymetadata.o
                                0x1ee (size before relaxing)
 .debug_str     0x00000729      0x14f .\ARM_GCC_493\Debug\Cm3Start.o
                                0x302 (size before relaxing)
 .debug_str     0x00000878      0x14f .\ARM_GCC_493\Debug\FYP.a(cyfitter_cfg.o)
                                0x307 (size before relaxing)
 .debug_str     0x000009c7      0x1a1 .\ARM_GCC_493\Debug\FYP.a(PWM_M1.o)
                                0x369 (size before relaxing)
 .debug_str     0x00000b68      0x14f .\ARM_GCC_493\Debug\FYP.a(MClock.o)
                                0x2e6 (size before relaxing)
 .debug_str     0x00000cb7       0x63 .\ARM_GCC_493\Debug\FYP.a(M1_FWD.o)
                                0x1eb (size before relaxing)
 .debug_str     0x00000d1a      0x2f2 .\ARM_GCC_493\Debug\FYP.a(UART.o)
                                0x549 (size before relaxing)
 .debug_str     0x0000100c       0x53 .\ARM_GCC_493\Debug\FYP.a(UART_INT.o)
                                0x24a (size before relaxing)
 .debug_str     0x0000105f       0x53 .\ARM_GCC_493\Debug\FYP.a(M1_BWD.o)
                                0x1eb (size before relaxing)
 .debug_str     0x000010b2      0x14b .\ARM_GCC_493\Debug\FYP.a(PWM_M2.o)
                                0x369 (size before relaxing)
 .debug_str     0x000011fd       0x53 .\ARM_GCC_493\Debug\FYP.a(M2_FWD.o)
                                0x1eb (size before relaxing)
 .debug_str     0x00001250       0x53 .\ARM_GCC_493\Debug\FYP.a(M2_BWD.o)
                                0x1eb (size before relaxing)
 .debug_str     0x000012a3      0x138 .\ARM_GCC_493\Debug\FYP.a(UART_IntClock.o)
                                0x33a (size before relaxing)
 .debug_str     0x000013db      0x7d5 .\ARM_GCC_493\Debug\FYP.a(CyLib.o)
                                0xa3f (size before relaxing)
 .debug_str     0x00001bb0      0x359 .\ARM_GCC_493\Debug\FYP.a(cyPm.o)
                                0x71f (size before relaxing)
 .debug_str     0x00001f09       0x57 .\ARM_GCC_493\Debug\FYP.a(Standby.o)
                                0x1f0 (size before relaxing)
 .debug_str     0x00001f60      0x12a .\ARM_GCC_493\Debug\FYP.a(M1QuadDec.o)
                                0x38f (size before relaxing)
 .debug_str     0x0000208a       0x48 .\ARM_GCC_493\Debug\FYP.a(M1QuadDec_INT.o)
                                0x1e6 (size before relaxing)
 .debug_str     0x000020d2      0x109 .\ARM_GCC_493\Debug\FYP.a(M1Clock.o)
                                0x2f2 (size before relaxing)
 .debug_str     0x000021db      0x11b .\ARM_GCC_493\Debug\FYP.a(M2QuadDec.o)
                                0x38f (size before relaxing)
 .debug_str     0x000022f6       0x48 .\ARM_GCC_493\Debug\FYP.a(M2QuadDec_INT.o)
                                0x1e6 (size before relaxing)
 .debug_str     0x0000233e      0x1ce .\ARM_GCC_493\Debug\FYP.a(M1QuadDec_Cnt16.o)
                                0x40e (size before relaxing)
 .debug_str     0x0000250c      0x1bf .\ARM_GCC_493\Debug\FYP.a(M2QuadDec_Cnt16.o)
                                0x40e (size before relaxing)
 .debug_str     0x000026cb       0xe3 .\ARM_GCC_493\Debug\FYP.a(isr_1ms.o)
                                0x2ba (size before relaxing)
 .debug_str     0x000027ae      0x13d .\ARM_GCC_493\Debug\FYP.a(Timer_1.o)
                                0x357 (size before relaxing)
 .debug_str     0x000028eb      0x195 .\ARM_GCC_493\Debug\FYP.a(CyFlash.o)
                                0x399 (size before relaxing)
 .debug_str     0x00002a80       0xac .\ARM_GCC_493\Debug\FYP.a(CySpc.o)
                                0x322 (size before relaxing)

.debug_loc      0x00000000     0x25dd
 *(.debug_loc)
 .debug_loc     0x00000000       0x2a .\ARM_GCC_493\Debug\main.o
 .debug_loc     0x0000002a       0x86 .\ARM_GCC_493\Debug\movement.o
 .debug_loc     0x000000b0      0x1b0 .\ARM_GCC_493\Debug\serial.o
 .debug_loc     0x00000260      0x144 .\ARM_GCC_493\Debug\Cm3Start.o
 .debug_loc     0x000003a4      0x1d7 .\ARM_GCC_493\Debug\FYP.a(cyfitter_cfg.o)
 .debug_loc     0x0000057b       0x26 .\ARM_GCC_493\Debug\FYP.a(PWM_M1.o)
 .debug_loc     0x000005a1      0x12c .\ARM_GCC_493\Debug\FYP.a(MClock.o)
 .debug_loc     0x000006cd       0x42 .\ARM_GCC_493\Debug\FYP.a(M1_FWD.o)
 .debug_loc     0x0000070f      0x34e .\ARM_GCC_493\Debug\FYP.a(UART.o)
 .debug_loc     0x00000a5d       0x45 .\ARM_GCC_493\Debug\FYP.a(UART_INT.o)
 .debug_loc     0x00000aa2       0x42 .\ARM_GCC_493\Debug\FYP.a(M1_BWD.o)
 .debug_loc     0x00000ae4       0x26 .\ARM_GCC_493\Debug\FYP.a(PWM_M2.o)
 .debug_loc     0x00000b0a       0x42 .\ARM_GCC_493\Debug\FYP.a(M2_FWD.o)
 .debug_loc     0x00000b4c       0x42 .\ARM_GCC_493\Debug\FYP.a(M2_BWD.o)
 .debug_loc     0x00000b8e      0x128 .\ARM_GCC_493\Debug\FYP.a(UART_IntClock.o)
 .debug_loc     0x00000cb6      0xa11 .\ARM_GCC_493\Debug\FYP.a(CyLib.o)
 .debug_loc     0x000016c7      0x1e4 .\ARM_GCC_493\Debug\FYP.a(cyPm.o)
 .debug_loc     0x000018ab       0x42 .\ARM_GCC_493\Debug\FYP.a(Standby.o)
 .debug_loc     0x000018ed       0xb9 .\ARM_GCC_493\Debug\FYP.a(M1QuadDec.o)
 .debug_loc     0x000019a6       0x13 .\ARM_GCC_493\Debug\FYP.a(M1QuadDec_INT.o)
 .debug_loc     0x000019b9      0x128 .\ARM_GCC_493\Debug\FYP.a(M1Clock.o)
 .debug_loc     0x00001ae1       0xb9 .\ARM_GCC_493\Debug\FYP.a(M2QuadDec.o)
 .debug_loc     0x00001b9a       0x13 .\ARM_GCC_493\Debug\FYP.a(M2QuadDec_INT.o)
 .debug_loc     0x00001bad       0x3d .\ARM_GCC_493\Debug\FYP.a(M1QuadDec_Cnt16.o)
 .debug_loc     0x00001bea       0x3d .\ARM_GCC_493\Debug\FYP.a(M2QuadDec_Cnt16.o)
 .debug_loc     0x00001c27       0x56 .\ARM_GCC_493\Debug\FYP.a(isr_1ms.o)
 .debug_loc     0x00001c7d       0x13 .\ARM_GCC_493\Debug\FYP.a(Timer_1.o)
 .debug_loc     0x00001c90      0x300 .\ARM_GCC_493\Debug\FYP.a(CyFlash.o)
 .debug_loc     0x00001f90      0x64d .\ARM_GCC_493\Debug\FYP.a(CySpc.o)

.debug_macinfo
 *(.debug_macinfo)

.debug_ranges   0x00000000      0xbd0
 *(.debug_ranges)
 .debug_ranges  0x00000000       0x28 .\ARM_GCC_493\Debug\main.o
 .debug_ranges  0x00000028       0x68 .\ARM_GCC_493\Debug\movement.o
 .debug_ranges  0x00000090       0x28 .\ARM_GCC_493\Debug\serial.o
 .debug_ranges  0x000000b8       0x38 .\ARM_GCC_493\Debug\Cm3Start.o
 .debug_ranges  0x000000f0       0x48 .\ARM_GCC_493\Debug\FYP.a(cyfitter_cfg.o)
 .debug_ranges  0x00000138       0x88 .\ARM_GCC_493\Debug\FYP.a(PWM_M1.o)
 .debug_ranges  0x000001c0       0x60 .\ARM_GCC_493\Debug\FYP.a(MClock.o)
 .debug_ranges  0x00000220       0x28 .\ARM_GCC_493\Debug\FYP.a(M1_FWD.o)
 .debug_ranges  0x00000248       0xe0 .\ARM_GCC_493\Debug\FYP.a(UART.o)
 .debug_ranges  0x00000328       0x10 .\ARM_GCC_493\Debug\FYP.a(UART_INT.o)
 .debug_ranges  0x00000338       0x28 .\ARM_GCC_493\Debug\FYP.a(M1_BWD.o)
 .debug_ranges  0x00000360       0x88 .\ARM_GCC_493\Debug\FYP.a(PWM_M2.o)
 .debug_ranges  0x000003e8       0x28 .\ARM_GCC_493\Debug\FYP.a(M2_FWD.o)
 .debug_ranges  0x00000410       0x28 .\ARM_GCC_493\Debug\FYP.a(M2_BWD.o)
 .debug_ranges  0x00000438       0x60 .\ARM_GCC_493\Debug\FYP.a(UART_IntClock.o)
 .debug_ranges  0x00000498      0x290 .\ARM_GCC_493\Debug\FYP.a(CyLib.o)
 .debug_ranges  0x00000728       0x88 .\ARM_GCC_493\Debug\FYP.a(cyPm.o)
 .debug_ranges  0x000007b0       0x28 .\ARM_GCC_493\Debug\FYP.a(Standby.o)
 .debug_ranges  0x000007d8       0x50 .\ARM_GCC_493\Debug\FYP.a(M1QuadDec.o)
 .debug_ranges  0x00000828       0x10 .\ARM_GCC_493\Debug\FYP.a(M1QuadDec_INT.o)
 .debug_ranges  0x00000838       0x60 .\ARM_GCC_493\Debug\FYP.a(M1Clock.o)
 .debug_ranges  0x00000898       0x50 .\ARM_GCC_493\Debug\FYP.a(M2QuadDec.o)
 .debug_ranges  0x000008e8       0x10 .\ARM_GCC_493\Debug\FYP.a(M2QuadDec_INT.o)
 .debug_ranges  0x000008f8       0x88 .\ARM_GCC_493\Debug\FYP.a(M1QuadDec_Cnt16.o)
 .debug_ranges  0x00000980       0x88 .\ARM_GCC_493\Debug\FYP.a(M2QuadDec_Cnt16.o)
 .debug_ranges  0x00000a08       0x70 .\ARM_GCC_493\Debug\FYP.a(isr_1ms.o)
 .debug_ranges  0x00000a78       0x80 .\ARM_GCC_493\Debug\FYP.a(Timer_1.o)
 .debug_ranges  0x00000af8       0x70 .\ARM_GCC_493\Debug\FYP.a(CyFlash.o)
 .debug_ranges  0x00000b68       0x68 .\ARM_GCC_493\Debug\FYP.a(CySpc.o)

.comment        0x00000000       0x70
 .comment       0x00000000       0x70 .\ARM_GCC_493\Debug\main.o
                                 0x71 (size before relaxing)
 .comment       0x00000000       0x71 .\ARM_GCC_493\Debug\movement.o
 .comment       0x00000000       0x71 .\ARM_GCC_493\Debug\serial.o
 .comment       0x00000000       0x71 .\ARM_GCC_493\Debug\cymetadata.o
 .comment       0x00000000       0x71 .\ARM_GCC_493\Debug\Cm3Start.o
 .comment       0x00000000       0x71 .\ARM_GCC_493\Debug\FYP.a(cyfitter_cfg.o)
 .comment       0x00000000       0x71 .\ARM_GCC_493\Debug\FYP.a(PWM_M1.o)
 .comment       0x00000000       0x71 .\ARM_GCC_493\Debug\FYP.a(MClock.o)
 .comment       0x00000000       0x71 .\ARM_GCC_493\Debug\FYP.a(M1_FWD.o)
 .comment       0x00000000       0x71 .\ARM_GCC_493\Debug\FYP.a(UART.o)
 .comment       0x00000000       0x71 .\ARM_GCC_493\Debug\FYP.a(UART_INT.o)
 .comment       0x00000000       0x71 .\ARM_GCC_493\Debug\FYP.a(M1_BWD.o)
 .comment       0x00000000       0x71 .\ARM_GCC_493\Debug\FYP.a(PWM_M2.o)
 .comment       0x00000000       0x71 .\ARM_GCC_493\Debug\FYP.a(M2_FWD.o)
 .comment       0x00000000       0x71 .\ARM_GCC_493\Debug\FYP.a(M2_BWD.o)
 .comment       0x00000000       0x71 .\ARM_GCC_493\Debug\FYP.a(UART_IntClock.o)
 .comment       0x00000000       0x71 .\ARM_GCC_493\Debug\FYP.a(CyLib.o)
 .comment       0x00000000       0x71 .\ARM_GCC_493\Debug\FYP.a(cyPm.o)
 .comment       0x00000000       0x71 .\ARM_GCC_493\Debug\FYP.a(Standby.o)
 .comment       0x00000000       0x71 .\ARM_GCC_493\Debug\FYP.a(M1QuadDec.o)
 .comment       0x00000000       0x71 .\ARM_GCC_493\Debug\FYP.a(M1QuadDec_INT.o)
 .comment       0x00000000       0x71 .\ARM_GCC_493\Debug\FYP.a(M1Clock.o)
 .comment       0x00000000       0x71 .\ARM_GCC_493\Debug\FYP.a(M2QuadDec.o)
 .comment       0x00000000       0x71 .\ARM_GCC_493\Debug\FYP.a(M2QuadDec_INT.o)
 .comment       0x00000000       0x71 .\ARM_GCC_493\Debug\FYP.a(M1QuadDec_Cnt16.o)
 .comment       0x00000000       0x71 .\ARM_GCC_493\Debug\FYP.a(M2QuadDec_Cnt16.o)
 .comment       0x00000000       0x71 .\ARM_GCC_493\Debug\FYP.a(isr_1ms.o)
 .comment       0x00000000       0x71 .\ARM_GCC_493\Debug\FYP.a(Timer_1.o)
 .comment       0x00000000       0x71 .\ARM_GCC_493\Debug\FYP.a(CyFlash.o)
 .comment       0x00000000       0x71 .\ARM_GCC_493\Debug\FYP.a(CySpc.o)

.debug_weaknames
 *(.debug_weaknames)

.debug_funcnames
 *(.debug_funcnames)

.debug_typenames
 *(.debug_typenames)

.debug_varnames
 *(.debug_varnames)

.note.gnu.arm.ident
 *(.note.gnu.arm.ident)

.ARM.attributes
                0x00000000       0x29
 *(.ARM.attributes)
 .ARM.attributes
                0x00000000       0x1d c:/program files (x86)/cypress/psoc creator/4.0/psoc creator/import/gnu/arm/4.9.3/bin/../lib/gcc/arm-none-eabi/4.9.3/armv7-m/crti.o
 .ARM.attributes
                0x0000001d       0x2d c:/program files (x86)/cypress/psoc creator/4.0/psoc creator/import/gnu/arm/4.9.3/bin/../lib/gcc/arm-none-eabi/4.9.3/armv7-m/crtbegin.o
 .ARM.attributes
                0x0000004a       0x1b c:/program files (x86)/cypress/psoc creator/4.0/psoc creator/import/gnu/arm/4.9.3/bin/../lib/gcc/arm-none-eabi/4.9.3/../../../../arm-none-eabi/lib/armv7-m/crt0.o
 .ARM.attributes
                0x00000065       0x33 .\ARM_GCC_493\Debug\main.o
 .ARM.attributes
                0x00000098       0x33 .\ARM_GCC_493\Debug\movement.o
 .ARM.attributes
                0x000000cb       0x33 .\ARM_GCC_493\Debug\serial.o
 .ARM.attributes
                0x000000fe       0x33 .\ARM_GCC_493\Debug\cymetadata.o
 .ARM.attributes
                0x00000131       0x33 .\ARM_GCC_493\Debug\Cm3Start.o
 .ARM.attributes
                0x00000164       0x33 .\ARM_GCC_493\Debug\FYP.a(cyfitter_cfg.o)
 .ARM.attributes
                0x00000197       0x33 .\ARM_GCC_493\Debug\FYP.a(PWM_M1.o)
 .ARM.attributes
                0x000001ca       0x33 .\ARM_GCC_493\Debug\FYP.a(MClock.o)
 .ARM.attributes
                0x000001fd       0x33 .\ARM_GCC_493\Debug\FYP.a(M1_FWD.o)
 .ARM.attributes
                0x00000230       0x33 .\ARM_GCC_493\Debug\FYP.a(UART.o)
 .ARM.attributes
                0x00000263       0x33 .\ARM_GCC_493\Debug\FYP.a(UART_INT.o)
 .ARM.attributes
                0x00000296       0x33 .\ARM_GCC_493\Debug\FYP.a(M1_BWD.o)
 .ARM.attributes
                0x000002c9       0x33 .\ARM_GCC_493\Debug\FYP.a(PWM_M2.o)
 .ARM.attributes
                0x000002fc       0x33 .\ARM_GCC_493\Debug\FYP.a(M2_FWD.o)
 .ARM.attributes
                0x0000032f       0x33 .\ARM_GCC_493\Debug\FYP.a(M2_BWD.o)
 .ARM.attributes
                0x00000362       0x33 .\ARM_GCC_493\Debug\FYP.a(UART_IntClock.o)
 .ARM.attributes
                0x00000395       0x33 .\ARM_GCC_493\Debug\FYP.a(CyLib.o)
 .ARM.attributes
                0x000003c8       0x33 .\ARM_GCC_493\Debug\FYP.a(cyPm.o)
 .ARM.attributes
                0x000003fb       0x33 .\ARM_GCC_493\Debug\FYP.a(Standby.o)
 .ARM.attributes
                0x0000042e       0x33 .\ARM_GCC_493\Debug\FYP.a(M1QuadDec.o)
 .ARM.attributes
                0x00000461       0x33 .\ARM_GCC_493\Debug\FYP.a(M1QuadDec_INT.o)
 .ARM.attributes
                0x00000494       0x33 .\ARM_GCC_493\Debug\FYP.a(M1Clock.o)
 .ARM.attributes
                0x000004c7       0x33 .\ARM_GCC_493\Debug\FYP.a(M2QuadDec.o)
 .ARM.attributes
                0x000004fa       0x33 .\ARM_GCC_493\Debug\FYP.a(M2QuadDec_INT.o)
 .ARM.attributes
                0x0000052d       0x33 .\ARM_GCC_493\Debug\FYP.a(M1QuadDec_Cnt16.o)
 .ARM.attributes
                0x00000560       0x33 .\ARM_GCC_493\Debug\FYP.a(M2QuadDec_Cnt16.o)
 .ARM.attributes
                0x00000593       0x33 .\ARM_GCC_493\Debug\FYP.a(isr_1ms.o)
 .ARM.attributes
                0x000005c6       0x33 .\ARM_GCC_493\Debug\FYP.a(Timer_1.o)
 .ARM.attributes
                0x000005f9       0x21 .\ARM_GCC_493\Debug\FYP.a(CyBootAsmGnu.o)
 .ARM.attributes
                0x0000061a       0x33 .\ARM_GCC_493\Debug\FYP.a(CyFlash.o)
 .ARM.attributes
                0x0000064d       0x33 .\ARM_GCC_493\Debug\FYP.a(CySpc.o)
 .ARM.attributes
                0x00000680       0x1d c:/program files (x86)/cypress/psoc creator/4.0/psoc creator/import/gnu/arm/4.9.3/bin/../lib/gcc/arm-none-eabi/4.9.3/armv7-m\libgcc.a(_arm_addsubdf3.o)
 .ARM.attributes
                0x0000069d       0x1d c:/program files (x86)/cypress/psoc creator/4.0/psoc creator/import/gnu/arm/4.9.3/bin/../lib/gcc/arm-none-eabi/4.9.3/armv7-m\libgcc.a(_arm_muldivdf3.o)
 .ARM.attributes
                0x000006ba       0x1d c:/program files (x86)/cypress/psoc creator/4.0/psoc creator/import/gnu/arm/4.9.3/bin/../lib/gcc/arm-none-eabi/4.9.3/armv7-m\libgcc.a(_arm_fixdfsi.o)
 .ARM.attributes
                0x000006d7       0x2d c:/program files (x86)/cypress/psoc creator/4.0/psoc creator/import/gnu/arm/4.9.3/bin/../lib/gcc/arm-none-eabi/4.9.3/../../../../arm-none-eabi/lib/armv7-m\libg_nano.a(lib_a-atof.o)
 .ARM.attributes
                0x00000704       0x2d c:/program files (x86)/cypress/psoc creator/4.0/psoc creator/import/gnu/arm/4.9.3/bin/../lib/gcc/arm-none-eabi/4.9.3/../../../../arm-none-eabi/lib/armv7-m\libg_nano.a(lib_a-atoi.o)
 .ARM.attributes
                0x00000731       0x2d c:/program files (x86)/cypress/psoc creator/4.0/psoc creator/import/gnu/arm/4.9.3/bin/../lib/gcc/arm-none-eabi/4.9.3/../../../../arm-none-eabi/lib/armv7-m\libg_nano.a(lib_a-errno.o)
 .ARM.attributes
                0x0000075e       0x2d c:/program files (x86)/cypress/psoc creator/4.0/psoc creator/import/gnu/arm/4.9.3/bin/../lib/gcc/arm-none-eabi/4.9.3/../../../../arm-none-eabi/lib/armv7-m\libg_nano.a(lib_a-exit.o)
 .ARM.attributes
                0x0000078b       0x2d c:/program files (x86)/cypress/psoc creator/4.0/psoc creator/import/gnu/arm/4.9.3/bin/../lib/gcc/arm-none-eabi/4.9.3/../../../../arm-none-eabi/lib/armv7-m\libg_nano.a(lib_a-impure.o)
 .ARM.attributes
                0x000007b8       0x2d c:/program files (x86)/cypress/psoc creator/4.0/psoc creator/import/gnu/arm/4.9.3/bin/../lib/gcc/arm-none-eabi/4.9.3/../../../../arm-none-eabi/lib/armv7-m\libg_nano.a(lib_a-init.o)
 .ARM.attributes
                0x000007e5       0x2d c:/program files (x86)/cypress/psoc creator/4.0/psoc creator/import/gnu/arm/4.9.3/bin/../lib/gcc/arm-none-eabi/4.9.3/../../../../arm-none-eabi/lib/armv7-m\libg_nano.a(lib_a-memcpy.o)
 .ARM.attributes
                0x00000812       0x2d c:/program files (x86)/cypress/psoc creator/4.0/psoc creator/import/gnu/arm/4.9.3/bin/../lib/gcc/arm-none-eabi/4.9.3/../../../../arm-none-eabi/lib/armv7-m\libg_nano.a(lib_a-memset.o)
 .ARM.attributes
                0x0000083f       0x2d c:/program files (x86)/cypress/psoc creator/4.0/psoc creator/import/gnu/arm/4.9.3/bin/../lib/gcc/arm-none-eabi/4.9.3/../../../../arm-none-eabi/lib/armv7-m\libg_nano.a(lib_a-sprintf.o)
 .ARM.attributes
                0x0000086c       0x2d c:/program files (x86)/cypress/psoc creator/4.0/psoc creator/import/gnu/arm/4.9.3/bin/../lib/gcc/arm-none-eabi/4.9.3/../../../../arm-none-eabi/lib/armv7-m\libg_nano.a(lib_a-strncpy.o)
 .ARM.attributes
                0x00000899       0x2d c:/program files (x86)/cypress/psoc creator/4.0/psoc creator/import/gnu/arm/4.9.3/bin/../lib/gcc/arm-none-eabi/4.9.3/../../../../arm-none-eabi/lib/armv7-m\libg_nano.a(lib_a-strtod.o)
 .ARM.attributes
                0x000008c6       0x2d c:/program files (x86)/cypress/psoc creator/4.0/psoc creator/import/gnu/arm/4.9.3/bin/../lib/gcc/arm-none-eabi/4.9.3/../../../../arm-none-eabi/lib/armv7-m\libg_nano.a(lib_a-strtol.o)
 .ARM.attributes
                0x000008f3       0x2d c:/program files (x86)/cypress/psoc creator/4.0/psoc creator/import/gnu/arm/4.9.3/bin/../lib/gcc/arm-none-eabi/4.9.3/../../../../arm-none-eabi/lib/armv7-m\libg_nano.a(lib_a-ctype_.o)
 .ARM.attributes
                0x00000920       0x2d c:/program files (x86)/cypress/psoc creator/4.0/psoc creator/import/gnu/arm/4.9.3/bin/../lib/gcc/arm-none-eabi/4.9.3/../../../../arm-none-eabi/lib/armv7-m\libg_nano.a(lib_a-gdtoa-gethex.o)
 .ARM.attributes
                0x0000094d       0x2d c:/program files (x86)/cypress/psoc creator/4.0/psoc creator/import/gnu/arm/4.9.3/bin/../lib/gcc/arm-none-eabi/4.9.3/../../../../arm-none-eabi/lib/armv7-m\libg_nano.a(lib_a-gdtoa-hexnan.o)
 .ARM.attributes
                0x0000097a       0x2d c:/program files (x86)/cypress/psoc creator/4.0/psoc creator/import/gnu/arm/4.9.3/bin/../lib/gcc/arm-none-eabi/4.9.3/../../../../arm-none-eabi/lib/armv7-m\libg_nano.a(lib_a-locale.o)
 .ARM.attributes
                0x000009a7       0x2d c:/program files (x86)/cypress/psoc creator/4.0/psoc creator/import/gnu/arm/4.9.3/bin/../lib/gcc/arm-none-eabi/4.9.3/../../../../arm-none-eabi/lib/armv7-m\libg_nano.a(lib_a-mprec.o)
 .ARM.attributes
                0x000009d4       0x2d c:/program files (x86)/cypress/psoc creator/4.0/psoc creator/import/gnu/arm/4.9.3/bin/../lib/gcc/arm-none-eabi/4.9.3/../../../../arm-none-eabi/lib/armv7-m\libg_nano.a(lib_a-nano-callocr.o)
 .ARM.attributes
                0x00000a01       0x2d c:/program files (x86)/cypress/psoc creator/4.0/psoc creator/import/gnu/arm/4.9.3/bin/../lib/gcc/arm-none-eabi/4.9.3/../../../../arm-none-eabi/lib/armv7-m\libg_nano.a(lib_a-nano-mallocr.o)
 .ARM.attributes
                0x00000a2e       0x2d c:/program files (x86)/cypress/psoc creator/4.0/psoc creator/import/gnu/arm/4.9.3/bin/../lib/gcc/arm-none-eabi/4.9.3/../../../../arm-none-eabi/lib/armv7-m\libg_nano.a(lib_a-nano-svfprintf.o)
 .ARM.attributes
                0x00000a5b       0x2d c:/program files (x86)/cypress/psoc creator/4.0/psoc creator/import/gnu/arm/4.9.3/bin/../lib/gcc/arm-none-eabi/4.9.3/../../../../arm-none-eabi/lib/armv7-m\libg_nano.a(lib_a-nano-vfprintf_i.o)
 .ARM.attributes
                0x00000a88       0x2d c:/program files (x86)/cypress/psoc creator/4.0/psoc creator/import/gnu/arm/4.9.3/bin/../lib/gcc/arm-none-eabi/4.9.3/../../../../arm-none-eabi/lib/armv7-m\libg_nano.a(lib_a-s_fpclassify.o)
 .ARM.attributes
                0x00000ab5       0x2d c:/program files (x86)/cypress/psoc creator/4.0/psoc creator/import/gnu/arm/4.9.3/bin/../lib/gcc/arm-none-eabi/4.9.3/../../../../arm-none-eabi/lib/armv7-m\libg_nano.a(lib_a-sbrkr.o)
 .ARM.attributes
                0x00000ae2       0x2d c:/program files (x86)/cypress/psoc creator/4.0/psoc creator/import/gnu/arm/4.9.3/bin/../lib/gcc/arm-none-eabi/4.9.3/../../../../arm-none-eabi/lib/armv7-m\libg_nano.a(lib_a-sf_nan.o)
 .ARM.attributes
                0x00000b0f       0x1b c:/program files (x86)/cypress/psoc creator/4.0/psoc creator/import/gnu/arm/4.9.3/bin/../lib/gcc/arm-none-eabi/4.9.3/../../../../arm-none-eabi/lib/armv7-m\libg_nano.a(lib_a-strcmp.o)
 .ARM.attributes
                0x00000b2a       0x2d c:/program files (x86)/cypress/psoc creator/4.0/psoc creator/import/gnu/arm/4.9.3/bin/../lib/gcc/arm-none-eabi/4.9.3/../../../../arm-none-eabi/lib/armv7-m\libg_nano.a(lib_a-strlen.o)
 .ARM.attributes
                0x00000b57       0x2d c:/program files (x86)/cypress/psoc creator/4.0/psoc creator/import/gnu/arm/4.9.3/bin/../lib/gcc/arm-none-eabi/4.9.3/../../../../arm-none-eabi/lib/armv7-m\libg_nano.a(lib_a-strncmp.o)
 .ARM.attributes
                0x00000b84       0x2d c:/program files (x86)/cypress/psoc creator/4.0/psoc creator/import/gnu/arm/4.9.3/bin/../lib/gcc/arm-none-eabi/4.9.3/../../../../arm-none-eabi/lib/armv7-m\libg_nano.a(lib_a-malloc.o)
 .ARM.attributes
                0x00000bb1       0x2d c:/program files (x86)/cypress/psoc creator/4.0/psoc creator/import/gnu/arm/4.9.3/bin/../lib/gcc/arm-none-eabi/4.9.3/../../../../arm-none-eabi/lib/armv7-m\libg_nano.a(lib_a-memchr.o)
 .ARM.attributes
                0x00000bde       0x2d c:/program files (x86)/cypress/psoc creator/4.0/psoc creator/import/gnu/arm/4.9.3/bin/../lib/gcc/arm-none-eabi/4.9.3/../../../../arm-none-eabi/lib/armv7-m\libg_nano.a(lib_a-memmove.o)
 .ARM.attributes
                0x00000c0b       0x2d c:/program files (x86)/cypress/psoc creator/4.0/psoc creator/import/gnu/arm/4.9.3/bin/../lib/gcc/arm-none-eabi/4.9.3/../../../../arm-none-eabi/lib/armv7-m\libg_nano.a(lib_a-nano-freer.o)
 .ARM.attributes
                0x00000c38       0x2d c:/program files (x86)/cypress/psoc creator/4.0/psoc creator/import/gnu/arm/4.9.3/bin/../lib/gcc/arm-none-eabi/4.9.3/../../../../arm-none-eabi/lib/armv7-m\libg_nano.a(lib_a-nano-reallocr.o)
 .ARM.attributes
                0x00000c65       0x2d c:/program files (x86)/cypress/psoc creator/4.0/psoc creator/import/gnu/arm/4.9.3/bin/../lib/gcc/arm-none-eabi/4.9.3/../../../../arm-none-eabi/lib/armv7-m\libg_nano.a(lib_a-reent.o)
 .ARM.attributes
                0x00000c92       0x2d c:/program files (x86)/cypress/psoc creator/4.0/psoc creator/import/gnu/arm/4.9.3/bin/../lib/gcc/arm-none-eabi/4.9.3/../../../../arm-none-eabi/lib/armv7-m\libg_nano.a(lib_a-nano-msizer.o)
 .ARM.attributes
                0x00000cbf       0x1d c:/program files (x86)/cypress/psoc creator/4.0/psoc creator/import/gnu/arm/4.9.3/bin/../lib/gcc/arm-none-eabi/4.9.3/armv7-m\libgcc.a(_arm_cmpdf2.o)
 .ARM.attributes
                0x00000cdc       0x1d c:/program files (x86)/cypress/psoc creator/4.0/psoc creator/import/gnu/arm/4.9.3/bin/../lib/gcc/arm-none-eabi/4.9.3/armv7-m\libgcc.a(_arm_fixunsdfsi.o)
 .ARM.attributes
                0x00000cf9       0x1d c:/program files (x86)/cypress/psoc creator/4.0/psoc creator/import/gnu/arm/4.9.3/bin/../lib/gcc/arm-none-eabi/4.9.3/armv7-m\libgcc.a(_arm_truncdfsf2.o)
 .ARM.attributes
                0x00000d16       0x2d c:/program files (x86)/cypress/psoc creator/4.0/psoc creator/import/gnu/arm/4.9.3/bin/../lib/gcc/arm-none-eabi/4.9.3/armv7-m/crtend.o
 .ARM.attributes
                0x00000d43       0x1d c:/program files (x86)/cypress/psoc creator/4.0/psoc creator/import/gnu/arm/4.9.3/bin/../lib/gcc/arm-none-eabi/4.9.3/armv7-m/crtn.o

/DISCARD/
 *(.note.GNU-stack)
OUTPUT(.\ARM_GCC_493\Debug\FYP.elf elf32-littlearm)